Archive member included because of file (symbol)

/Users/owen/gcc-arm-none-eabi-4_8-2014q1/bin/../lib/gcc/arm-none-eabi/4.8.3/../../../../arm-none-eabi/lib/armv6-m/libstdc++_s.a(del_op.o)
                              ./src/OSC/OSCMessage.o (operator delete(void*))
/Users/owen/gcc-arm-none-eabi-4_8-2014q1/bin/../lib/gcc/arm-none-eabi/4.8.3/../../../../arm-none-eabi/lib/armv6-m/libstdc++_s.a(new_op.o)
                              ./src/OSC/OSCMessage.o (operator new(unsigned int))
/Users/owen/gcc-arm-none-eabi-4_8-2014q1/bin/../lib/gcc/arm-none-eabi/4.8.3/../../../../arm-none-eabi/lib/armv6-m/libstdc++_s.a(new_handler.o)
                              /Users/owen/gcc-arm-none-eabi-4_8-2014q1/bin/../lib/gcc/arm-none-eabi/4.8.3/../../../../arm-none-eabi/lib/armv6-m/libstdc++_s.a(new_op.o) (__new_handler)
/Users/owen/gcc-arm-none-eabi-4_8-2014q1/bin/../lib/gcc/arm-none-eabi/4.8.3/armv6-m/libgcc.a(_udivsi3.o)
                              ./system/src/stm32f0-stdperiph/stm32f0xx_rcc.o (__aeabi_uidiv)
/Users/owen/gcc-arm-none-eabi-4_8-2014q1/bin/../lib/gcc/arm-none-eabi/4.8.3/armv6-m/libgcc.a(_dvmd_tls.o)
                              /Users/owen/gcc-arm-none-eabi-4_8-2014q1/bin/../lib/gcc/arm-none-eabi/4.8.3/armv6-m/libgcc.a(_udivsi3.o) (__aeabi_idiv0)
/Users/owen/gcc-arm-none-eabi-4_8-2014q1/bin/../lib/gcc/arm-none-eabi/4.8.3/../../../../arm-none-eabi/lib/armv6-m/libg_s.a(lib_a-errno.o)
                              ./system/src/newlib/_sbrk.o (__errno)
/Users/owen/gcc-arm-none-eabi-4_8-2014q1/bin/../lib/gcc/arm-none-eabi/4.8.3/../../../../arm-none-eabi/lib/armv6-m/libg_s.a(lib_a-impure.o)
                              /Users/owen/gcc-arm-none-eabi-4_8-2014q1/bin/../lib/gcc/arm-none-eabi/4.8.3/../../../../arm-none-eabi/lib/armv6-m/libg_s.a(lib_a-errno.o) (_impure_ptr)
/Users/owen/gcc-arm-none-eabi-4_8-2014q1/bin/../lib/gcc/arm-none-eabi/4.8.3/../../../../arm-none-eabi/lib/armv6-m/libg_s.a(lib_a-malloc.o)
                              ./src/OSC/OSCData.o (malloc)
/Users/owen/gcc-arm-none-eabi-4_8-2014q1/bin/../lib/gcc/arm-none-eabi/4.8.3/../../../../arm-none-eabi/lib/armv6-m/libg_s.a(lib_a-memcpy-stub.o)
                              ./src/OSC/OSCData.o (memcpy)
/Users/owen/gcc-arm-none-eabi-4_8-2014q1/bin/../lib/gcc/arm-none-eabi/4.8.3/../../../../arm-none-eabi/lib/armv6-m/libg_s.a(lib_a-nano-freer.o)
                              /Users/owen/gcc-arm-none-eabi-4_8-2014q1/bin/../lib/gcc/arm-none-eabi/4.8.3/../../../../arm-none-eabi/lib/armv6-m/libg_s.a(lib_a-malloc.o) (_free_r)
/Users/owen/gcc-arm-none-eabi-4_8-2014q1/bin/../lib/gcc/arm-none-eabi/4.8.3/../../../../arm-none-eabi/lib/armv6-m/libg_s.a(lib_a-nano-mallocr.o)
                              /Users/owen/gcc-arm-none-eabi-4_8-2014q1/bin/../lib/gcc/arm-none-eabi/4.8.3/../../../../arm-none-eabi/lib/armv6-m/libg_s.a(lib_a-malloc.o) (_malloc_r)
/Users/owen/gcc-arm-none-eabi-4_8-2014q1/bin/../lib/gcc/arm-none-eabi/4.8.3/../../../../arm-none-eabi/lib/armv6-m/libg_s.a(lib_a-realloc.o)
                              ./src/OSC/OSCMessage.o (realloc)
/Users/owen/gcc-arm-none-eabi-4_8-2014q1/bin/../lib/gcc/arm-none-eabi/4.8.3/../../../../arm-none-eabi/lib/armv6-m/libg_s.a(lib_a-sbrkr.o)
                              /Users/owen/gcc-arm-none-eabi-4_8-2014q1/bin/../lib/gcc/arm-none-eabi/4.8.3/../../../../arm-none-eabi/lib/armv6-m/libg_s.a(lib_a-nano-mallocr.o) (_sbrk_r)
/Users/owen/gcc-arm-none-eabi-4_8-2014q1/bin/../lib/gcc/arm-none-eabi/4.8.3/../../../../arm-none-eabi/lib/armv6-m/libg_s.a(lib_a-sprintf.o)
                              ./src/InchieKey.o (sprintf)
/Users/owen/gcc-arm-none-eabi-4_8-2014q1/bin/../lib/gcc/arm-none-eabi/4.8.3/../../../../arm-none-eabi/lib/armv6-m/libg_s.a(lib_a-strcmp.o)
                              ./src/OSC/OSCMatch.o (strcmp)
/Users/owen/gcc-arm-none-eabi-4_8-2014q1/bin/../lib/gcc/arm-none-eabi/4.8.3/../../../../arm-none-eabi/lib/armv6-m/libg_s.a(lib_a-strcpy.o)
                              ./src/OSC/OSCData.o (strcpy)
/Users/owen/gcc-arm-none-eabi-4_8-2014q1/bin/../lib/gcc/arm-none-eabi/4.8.3/../../../../arm-none-eabi/lib/armv6-m/libg_s.a(lib_a-strlen.o)
                              ./system/src/diag/Trace.o (strlen)
/Users/owen/gcc-arm-none-eabi-4_8-2014q1/bin/../lib/gcc/arm-none-eabi/4.8.3/../../../../arm-none-eabi/lib/armv6-m/libg_s.a(lib_a-strncmp.o)
                              ./src/OSC/OSCMatch.o (strncmp)
/Users/owen/gcc-arm-none-eabi-4_8-2014q1/bin/../lib/gcc/arm-none-eabi/4.8.3/../../../../arm-none-eabi/lib/armv6-m/libg_s.a(lib_a-strncpy.o)
                              ./src/OSC/OSCData.o (strncpy)
/Users/owen/gcc-arm-none-eabi-4_8-2014q1/bin/../lib/gcc/arm-none-eabi/4.8.3/../../../../arm-none-eabi/lib/armv6-m/libg_s.a(lib_a-svfprintf.o)
                              /Users/owen/gcc-arm-none-eabi-4_8-2014q1/bin/../lib/gcc/arm-none-eabi/4.8.3/../../../../arm-none-eabi/lib/armv6-m/libg_s.a(lib_a-sprintf.o) (_svfprintf_r)
[...]
Memory Configuration

Name             Origin             Length             Attributes
RAM              0x0000000020000000 0x0000000000002000 xrw
CCMRAM           0x0000000000000000 0x0000000000000000 xrw
FLASH            0x0000000008000000 0x0000000000010000 xr
FLASHB1          0x0000000000000000 0x0000000000000000 xr
EXTMEMB0         0x0000000000000000 0x0000000000000000 xr
EXTMEMB1         0x0000000000000000 0x0000000000000000 xr
EXTMEMB2         0x0000000000000000 0x0000000000000000 xr
EXTMEMB3         0x0000000000000000 0x0000000000000000 xr
MEMORY_ARRAY     0x0000000000000000 0x0000000000000000 xrw
*default*        0x0000000000000000 0xffffffffffffffff

Linker script and memory map

LOAD ./system/src/stm32f0-stdperiph/stm32f0xx_adc.o
LOAD ./system/src/stm32f0-stdperiph/stm32f0xx_dma.o
LOAD ./system/src/stm32f0-stdperiph/stm32f0xx_gpio.o
LOAD ./system/src/stm32f0-stdperiph/stm32f0xx_iwdg.o
LOAD ./system/src/stm32f0-stdperiph/stm32f0xx_misc.o
LOAD ./system/src/stm32f0-stdperiph/stm32f0xx_rcc.o
LOAD ./system/src/stm32f0-stdperiph/stm32f0xx_spi.o
LOAD ./system/src/stm32f0-stdperiph/stm32f0xx_usart.o
LOAD ./system/src/newlib/_cxx.o
LOAD ./system/src/newlib/_exit.o
LOAD ./system/src/newlib/_sbrk.o
LOAD ./system/src/newlib/_startup.o
LOAD ./system/src/newlib/_syscalls.o
LOAD ./system/src/newlib/_write.o
LOAD ./system/src/newlib/assert.o
LOAD ./system/src/diag/Trace.o
LOAD ./system/src/diag/trace_impl.o
LOAD ./system/src/cortexm/_initialize_hardware.o
LOAD ./system/src/cortexm/_reset_hardware.o
LOAD ./system/src/cortexm/exception_handlers.o
LOAD ./system/src/cmsis/system_stm32f0xx.o
LOAD ./system/src/cmsis/vectors_stm32f0xx.o
LOAD ./src/OSC/OSCData.o
LOAD ./src/OSC/OSCMatch.o
LOAD ./src/OSC/OSCMessage.o
LOAD ./src/OSC/OSCTiming.o
LOAD ./src/OSC/SimpleWriter.o
LOAD ./src/BlinkLed.o
LOAD ./src/InchieKey.o
LOAD ./src/InchieKeyLED.o
LOAD ./src/InchieLED.o
LOAD ./src/InchiePot.o
LOAD ./src/InchieTest.o
LOAD ./src/SLIPEncodedSerial.o
LOAD ./src/Timer.o
LOAD ./src/main.o
LOAD ./src/uart.o
LOAD /Users/owen/gcc-arm-none-eabi-4_8-2014q1/bin/../lib/gcc/arm-none-eabi/4.8.3/../../../../arm-none-eabi/lib/armv6-m/libstdc++_s.a
LOAD /Users/owen/gcc-arm-none-eabi-4_8-2014q1/bin/../lib/gcc/arm-none-eabi/4.8.3/../../../../arm-none-eabi/lib/armv6-m/libm.a
START GROUP
LOAD /Users/owen/gcc-arm-none-eabi-4_8-2014q1/bin/../lib/gcc/arm-none-eabi/4.8.3/armv6-m/libgcc.a
LOAD /Users/owen/gcc-arm-none-eabi-4_8-2014q1/bin/../lib/gcc/arm-none-eabi/4.8.3/../../../../arm-none-eabi/lib/armv6-m/libg_s.a
LOAD /Users/owen/gcc-arm-none-eabi-4_8-2014q1/bin/../lib/gcc/arm-none-eabi/4.8.3/../../../../arm-none-eabi/lib/armv6-m/libc_s.a
END GROUP
START GROUP
LOAD /Users/owen/gcc-arm-none-eabi-4_8-2014q1/bin/../lib/gcc/arm-none-eabi/4.8.3/armv6-m/libgcc.a
LOAD /Users/owen/gcc-arm-none-eabi-4_8-2014q1/bin/../lib/gcc/arm-none-eabi/4.8.3/../../../../arm-none-eabi/lib/armv6-m/libc_s.a
END GROUP
                0x0000000020002000                __stack = (ORIGIN (RAM) + 0x2000)
                0x0000000020002000                _estack = __stack
                0x0000000000000400                __Main_Stack_Size = 0x400
                0x0000000000000400                PROVIDE (_Main_Stack_Size, __Main_Stack_Size)
                0x0000000020001c00                __Main_Stack_Limit = (__stack - __Main_Stack_Size)
                0x0000000020001c00                PROVIDE (_Main_Stack_Limit, __Main_Stack_Limit)
                0x0000000000000100                _Minimum_Stack_Size = 0x100
                0x0000000020000980                PROVIDE (_Heap_Begin, _end_noinit)
                0x0000000020001c00                PROVIDE (_Heap_Limit, (__stack - __Main_Stack_Size))

.isr_vector     0x0000000008000000      0x1f4
                0x0000000008000000                . = ALIGN (0x4)
 *(.isr_vector)
 .isr_vector    0x0000000008000000       0xc4 ./system/src/cmsis/vectors_stm32f0xx.o
                0x0000000008000000                g_pfnVectors
 *(.cfmconfig)
 *(.after_vectors .after_vectors.*)
 .after_vectors
                0x00000000080000c4      0x110 ./system/src/newlib/_startup.o
                0x00000000080000c4                _start
 .after_vectors
                0x00000000080001d4       0x1c ./system/src/cortexm/exception_handlers.o
                0x00000000080001d4                Reset_Handler
                0x00000000080001dc                NMI_Handler
                0x00000000080001e0                HardFault_Handler
                0x00000000080001e4                SVC_Handler
                0x00000000080001e8                PendSV_Handler
 .after_vectors
                0x00000000080001f0        0x4 ./system/src/cmsis/vectors_stm32f0xx.o
                0x00000000080001f0                TIM1_BRK_UP_TRG_COM_IRQHandler
                0x00000000080001f0                TSC_IRQHandler
                0x00000000080001f0                ADC1_COMP_IRQHandler
                0x00000000080001f0                PVD_IRQHandler
                0x00000000080001f0                I2C1_IRQHandler
                0x00000000080001f0                RCC_CRS_IRQHandler
                0x00000000080001f0                SPI1_IRQHandler
                0x00000000080001f0                TIM6_DAC_IRQHandler
                0x00000000080001f0                USART3_4_IRQHandler
                0x00000000080001f0                EXTI2_3_IRQHandler
                0x00000000080001f0                ADC1_IRQHandler
                0x00000000080001f0                I2C2_IRQHandler
                0x00000000080001f0                TIM17_IRQHandler
                0x00000000080001f0                CEC_CAN_IRQHandler
                0x00000000080001f0                RTC_IRQHandler
                0x00000000080001f0                PVD_VDDIO2_IRQHandler
                0x00000000080001f0                DMA1_Channel4_5_6_7_IRQHandler
                0x00000000080001f0                TIM16_IRQHandler
                0x00000000080001f0                TIM3_IRQHandler
                0x00000000080001f0                EXTI4_15_IRQHandler
                0x00000000080001f0                RCC_IRQHandler
                0x00000000080001f0                DMA1_Channel1_IRQHandler
                0x00000000080001f0                Default_Handler
                0x00000000080001f0                CEC_IRQHandler
                0x00000000080001f0                TIM14_IRQHandler
                0x00000000080001f0                DMA1_Channel4_5_IRQHandler
                0x00000000080001f0                TIM7_IRQHandler
                0x00000000080001f0                TIM15_IRQHandler
                0x00000000080001f0                EXTI0_1_IRQHandler
                0x00000000080001f0                USB_IRQHandler
                0x00000000080001f0                SPI2_IRQHandler
                0x00000000080001f0                TS_IRQHandler
                0x00000000080001f0                WWDG_IRQHandler
                0x00000000080001f0                TIM2_IRQHandler
                0x00000000080001f0                DMA1_Channel2_3_IRQHandler
                0x00000000080001f0                FLASH_IRQHandler
                0x00000000080001f0                TIM1_CC_IRQHandler
                0x00000000080001f4                . = ALIGN (0x4)

.inits          0x00000000080001f4        0x8
                0x00000000080001f4                . = ALIGN (0x4)
 *(.init)
 *(.fini)
                0x00000000080001f4                . = ALIGN (0x4)
                0x00000000080001f4                PROVIDE (__preinit_array_start, .)
 *(.preinit_array_sysinit .preinit_array_sysinit.*)
 *(.preinit_array_platform .preinit_array_platform.*)
 *(.preinit_array .preinit_array.*)
                0x00000000080001f4                PROVIDE (__preinit_array_end, .)
                0x00000000080001f4                . = ALIGN (0x4)
                0x00000000080001f4                PROVIDE (__init_array_start, .)
 *(SORT(.init_array.*))
 *(.init_array)
 .init_array    0x00000000080001f4        0x4 ./src/main.o
                0x00000000080001f8                PROVIDE (__init_array_end, .)
                0x00000000080001f8                . = ALIGN (0x4)
                0x00000000080001f8                PROVIDE (__fini_array_start, .)
 *(SORT(.fini_array.*))
 *(.fini_array)
 .fini_array    0x00000000080001f8        0x4 ./src/main.o
                0x00000000080001fc                PROVIDE (__fini_array_end, .)
                0x00000000080001fc                . = ALIGN (0x4)

.flashtext      0x00000000080001fc        0x0
                0x00000000080001fc                . = ALIGN (0x4)
 *(.flashtext .flashtext.*)
                0x00000000080001fc                . = ALIGN (0x4)

.text           0x00000000080001fc     0x3661
                0x00000000080001fc                . = ALIGN (0x4)
 *(.text .text.*)
 .text.GPIO_Init
                0x00000000080001fc      0x11c ./system/src/stm32f0-stdperiph/stm32f0xx_gpio.o
                0x00000000080001fc                GPIO_Init
 .text.GPIO_ReadInputDataBit
                0x0000000008000318       0xc4 ./system/src/stm32f0-stdperiph/stm32f0xx_gpio.o
                0x0000000008000318                GPIO_ReadInputDataBit
 .text.GPIO_SetBits
                0x00000000080003dc       0x60 ./system/src/stm32f0-stdperiph/stm32f0xx_gpio.o
                0x00000000080003dc                GPIO_SetBits
 .text.GPIO_ResetBits
                0x000000000800043c       0x60 ./system/src/stm32f0-stdperiph/stm32f0xx_gpio.o
                0x000000000800043c                GPIO_ResetBits
 .text.GPIO_PinAFConfig
                0x000000000800049c       0x94 ./system/src/stm32f0-stdperiph/stm32f0xx_gpio.o
                0x000000000800049c                GPIO_PinAFConfig
 .text.IWDG_WriteAccessCmd
                0x0000000008000530       0x28 ./system/src/stm32f0-stdperiph/stm32f0xx_iwdg.o
                0x0000000008000530                IWDG_WriteAccessCmd
 .text.IWDG_SetPrescaler
                0x0000000008000558       0x20 ./system/src/stm32f0-stdperiph/stm32f0xx_iwdg.o
                0x0000000008000558                IWDG_SetPrescaler
 .text.IWDG_SetReload
                0x0000000008000578       0x24 ./system/src/stm32f0-stdperiph/stm32f0xx_iwdg.o
                0x0000000008000578                IWDG_SetReload
 .text.IWDG_ReloadCounter
                0x000000000800059c       0x10 ./system/src/stm32f0-stdperiph/stm32f0xx_iwdg.o
                0x000000000800059c                IWDG_ReloadCounter
 .text.IWDG_Enable
                0x00000000080005ac       0x10 ./system/src/stm32f0-stdperiph/stm32f0xx_iwdg.o
                0x00000000080005ac                IWDG_Enable
 .text.NVIC_Init
                0x00000000080005bc       0x7c ./system/src/stm32f0-stdperiph/stm32f0xx_misc.o
                0x00000000080005bc                NVIC_Init
 .text.RCC_GetClocksFreq
                0x0000000008000638      0x1a0 ./system/src/stm32f0-stdperiph/stm32f0xx_rcc.o
                0x0000000008000638                RCC_GetClocksFreq
 .text.RCC_AHBPeriphClockCmd
                0x00000000080007d8       0x50 ./system/src/stm32f0-stdperiph/stm32f0xx_rcc.o
                0x00000000080007d8                RCC_AHBPeriphClockCmd
 .text.RCC_APB1PeriphClockCmd
                0x0000000008000828       0x50 ./system/src/stm32f0-stdperiph/stm32f0xx_rcc.o
                0x0000000008000828                RCC_APB1PeriphClockCmd
 .text.RCC_GetFlagStatus
                0x0000000008000878       0x80 ./system/src/stm32f0-stdperiph/stm32f0xx_rcc.o
                0x0000000008000878                RCC_GetFlagStatus
 .text.RCC_ClearFlag
                0x00000000080008f8       0x14 ./system/src/stm32f0-stdperiph/stm32f0xx_rcc.o
                0x00000000080008f8                RCC_ClearFlag
 .text.USART_Init
                0x000000000800090c      0x1ac ./system/src/stm32f0-stdperiph/stm32f0xx_usart.o
                0x000000000800090c                USART_Init
 .text.USART_Cmd
                0x0000000008000ab8       0x64 ./system/src/stm32f0-stdperiph/stm32f0xx_usart.o
                0x0000000008000ab8                USART_Cmd
 .text.USART_SendData
                0x0000000008000b1c       0x5c ./system/src/stm32f0-stdperiph/stm32f0xx_usart.o
                0x0000000008000b1c                USART_SendData
 .text.USART_ReceiveData
                0x0000000008000b78       0x44 ./system/src/stm32f0-stdperiph/stm32f0xx_usart.o
                0x0000000008000b78                USART_ReceiveData
 .text.USART_ITConfig
                0x0000000008000bbc      0x104 ./system/src/stm32f0-stdperiph/stm32f0xx_usart.o
                0x0000000008000bbc                USART_ITConfig
 .text.USART_GetFlagStatus
                0x0000000008000cc0       0xe8 ./system/src/stm32f0-stdperiph/stm32f0xx_usart.o
                0x0000000008000cc0                USART_GetFlagStatus
 .text.USART_GetITStatus
                0x0000000008000da8      0x114 ./system/src/stm32f0-stdperiph/stm32f0xx_usart.o
                0x0000000008000da8                USART_GetITStatus
 .text._exit    0x0000000008000ebc        0x4 ./system/src/newlib/_exit.o
                0x0000000008000ebc                _exit
 .text.abort    0x0000000008000ec0       0x14 ./system/src/newlib/_exit.o
                0x0000000008000ec0                abort
 .text._sbrk    0x0000000008000ed4       0x44 ./system/src/newlib/_sbrk.o
                0x0000000008000ed4                _sbrk
 .text.__initialize_args
                0x0000000008000f18       0x10 ./system/src/newlib/_syscalls.o
                0x0000000008000f18                __initialize_args
 .text.assert_failed
                0x0000000008000f28       0x18 ./system/src/newlib/assert.o
                0x0000000008000f28                assert_failed
 .text.trace_printf
                0x0000000008000f40       0x30 ./system/src/diag/Trace.o
                0x0000000008000f40                trace_printf
 .text.trace_puts
                0x0000000008000f70       0x20 ./system/src/diag/Trace.o
                0x0000000008000f70                trace_puts
 .text._trace_write_semihosting_debug
                0x0000000008000f90       0x74 ./system/src/diag/trace_impl.o
 .text.trace_write
                0x0000000008001004        0x8 ./system/src/diag/trace_impl.o
                0x0000000008001004                trace_write
 .text.__initialize_hardware
                0x000000000800100c        0x8 ./system/src/cortexm/_initialize_hardware.o
                0x000000000800100c                __initialize_hardware
 .text.SetSysClock
                0x0000000008001014       0xb4 ./system/src/cmsis/system_stm32f0xx.o
 .text.SystemInit
                0x00000000080010c8       0x64 ./system/src/cmsis/system_stm32f0xx.o
                0x00000000080010c8                SystemInit
 .text._ZN7OSCDataC2EPKc
                0x000000000800112c       0x34 ./src/OSC/OSCData.o
                0x000000000800112c                OSCData::OSCData(char const*)
                0x000000000800112c                OSCData::OSCData(char const*)
 .text._ZN7OSCDataC2El
                0x0000000008001160       0x10 ./src/OSC/OSCData.o
                0x0000000008001160                OSCData::OSCData(long)
                0x0000000008001160                OSCData::OSCData(long)
 .text._ZN7OSCDataC2Ei
                0x0000000008001170       0x10 ./src/OSC/OSCData.o
                0x0000000008001170                OSCData::OSCData(int)
                0x0000000008001170                OSCData::OSCData(int)
 .text._ZN7OSCDataC2Ef
                0x0000000008001180       0x10 ./src/OSC/OSCData.o
                0x0000000008001180                OSCData::OSCData(float)
                0x0000000008001180                OSCData::OSCData(float)
 .text._ZN7OSCDataC2E9osctime_t
                0x0000000008001190       0x24 ./src/OSC/OSCData.o
                0x0000000008001190                OSCData::OSCData(osctime_t)
                0x0000000008001190                OSCData::OSCData(osctime_t)
 .text._ZN7OSCDataC2Ed
                0x00000000080011b4       0x14 ./src/OSC/OSCData.o
                0x00000000080011b4                OSCData::OSCData(double)
                0x00000000080011b4                OSCData::OSCData(double)
 .text._ZN7OSCDataC2EPhi
                0x00000000080011c8       0x70 ./src/OSC/OSCData.o
                0x00000000080011c8                OSCData::OSCData(unsigned char*, int)
                0x00000000080011c8                OSCData::OSCData(unsigned char*, int)
 .text._ZN7OSCDataD2Ev
                0x0000000008001238       0x28 ./src/OSC/OSCData.o
                0x0000000008001238                OSCData::~OSCData()
                0x0000000008001238                OSCData::~OSCData()
 .text._ZN7OSCDataC2Ec
                0x0000000008001260        0xc ./src/OSC/OSCData.o
                0x0000000008001260                OSCData::OSCData(char)
                0x0000000008001260                OSCData::OSCData(char)
 .text._ZN7OSCData6getIntEv
                0x000000000800126c       0x10 ./src/OSC/OSCData.o
                0x000000000800126c                OSCData::getInt()
 .text.osc_match_bracket
                0x000000000800127c       0x58 ./src/OSC/OSCMatch.o
 .text.osc_match_curly_brace
                0x00000000080012d4       0x50 ./src/OSC/OSCMatch.o
 .text.osc_match_single_char
                0x0000000008001324       0x68 ./src/OSC/OSCMatch.o
 .text.osc_match_star_r
                0x000000000800138c       0x7c ./src/OSC/OSCMatch.o
 .text.osc_match_star
                0x0000000008001408      0x118 ./src/OSC/OSCMatch.o
 .text.osc_match
                0x0000000008001520      0x108 ./src/OSC/OSCMatch.o
                0x0000000008001520                osc_match
 .text._ZN10OSCMessage10getOSCDataEi
                0x0000000008001628       0x18 ./src/OSC/OSCMessage.o
                0x0000000008001628                OSCMessage::getOSCData(int)
 .text._ZN10OSCMessage9fullMatchEPKci
                0x0000000008001640       0x1c ./src/OSC/OSCMessage.o
                0x0000000008001640                OSCMessage::fullMatch(char const*, int)
 .text._ZN10OSCMessage8dispatchEPKcPFvRS_Ei
                0x000000000800165c       0x1c ./src/OSC/OSCMessage.o
                0x000000000800165c                OSCMessage::dispatch(char const*, void (*)(OSCMessage&), int)
 .text._ZN10OSCMessage10setAddressEPKc
                0x0000000008001678       0x30 ./src/OSC/OSCMessage.o
                0x0000000008001678                OSCMessage::setAddress(char const*)
 .text._ZN10OSCMessage8hasErrorEv
                0x00000000080016a8       0x2c ./src/OSC/OSCMessage.o
                0x00000000080016a8                OSCMessage::hasError()
 .text._ZN10OSCMessage6getIntEi
                0x00000000080016d4       0x20 ./src/OSC/OSCMessage.o
                0x00000000080016d4                OSCMessage::getInt(int)
 .text._ZN10OSCMessage7getTypeEi
                0x00000000080016f4       0x1c ./src/OSC/OSCMessage.o
                0x00000000080016f4                OSCMessage::getType(int)
 .text._ZN10OSCMessage8testTypeEic
                0x0000000008001710       0x28 ./src/OSC/OSCMessage.o
                0x0000000008001710                OSCMessage::testType(int, char)
 .text._ZN10OSCMessage5isIntEi
                0x0000000008001738        0xc ./src/OSC/OSCMessage.o
                0x0000000008001738                OSCMessage::isInt(int)
 .text._ZN10OSCMessage4sendER12SimpleWriter
                0x0000000008001744      0x198 ./src/OSC/OSCMessage.o
                0x0000000008001744                OSCMessage::send(SimpleWriter&)
 .text._ZN10OSCMessage10decodeTypeEh
                0x00000000080018dc       0x44 ./src/OSC/OSCMessage.o
                0x00000000080018dc                OSCMessage::decodeType(unsigned char)
 .text._ZN10OSCMessage19addToIncomingBufferEh
                0x0000000008001920       0x44 ./src/OSC/OSCMessage.o
                0x0000000008001920                OSCMessage::addToIncomingBuffer(unsigned char)
 .text._ZN10OSCMessage19clearIncomingBufferEv
                0x0000000008001964       0x28 ./src/OSC/OSCMessage.o
                0x0000000008001964                OSCMessage::clearIncomingBuffer()
 .text._ZN10OSCMessage12setupMessageEv
                0x000000000800198c       0x1c ./src/OSC/OSCMessage.o
                0x000000000800198c                OSCMessage::setupMessage()
 .text._ZN10OSCMessageC2EPKc
                0x00000000080019a8       0x18 ./src/OSC/OSCMessage.o
                0x00000000080019a8                OSCMessage::OSCMessage(char const*)
                0x00000000080019a8                OSCMessage::OSCMessage(char const*)
 .text._ZN10OSCMessageC2Ev
                0x00000000080019c0       0x10 ./src/OSC/OSCMessage.o
                0x00000000080019c0                OSCMessage::OSCMessage()
                0x00000000080019c0                OSCMessage::OSCMessage()
 .text._ZN10OSCMessage5emptyEv
                0x00000000080019d0       0x40 ./src/OSC/OSCMessage.o
                0x00000000080019d0                OSCMessage::empty()
 .text._ZN10OSCMessageD2Ev
                0x0000000008001a10       0x1c ./src/OSC/OSCMessage.o
                0x0000000008001a10                OSCMessage::~OSCMessage()
                0x0000000008001a10                OSCMessage::~OSCMessage()
 .text._ZN10OSCMessage13decodeAddressEv
                0x0000000008001a2c       0x18 ./src/OSC/OSCMessage.o
                0x0000000008001a2c                OSCMessage::decodeAddress()
 .text._ZN10OSCMessage10decodeDataEh
                0x0000000008001a44      0x4e0 ./src/OSC/OSCMessage.o
                0x0000000008001a44                OSCMessage::decodeData(unsigned char)
 .text._ZN10OSCMessage6decodeEh
                0x0000000008001f24       0xc0 ./src/OSC/OSCMessage.o
                0x0000000008001f24                OSCMessage::decode(unsigned char)
 .text._ZN10OSCMessage4fillEPhi
                0x0000000008001fe4       0x1c ./src/OSC/OSCMessage.o
                0x0000000008001fe4                OSCMessage::fill(unsigned char*, int)
 .text._ZN12SimpleWriter5startEv
                0x0000000008002000        0xc ./src/OSC/SimpleWriter.o
                0x0000000008002000                SimpleWriter::start()
 .text._ZN12SimpleWriter3endEv
                0x000000000800200c       0x10 ./src/OSC/SimpleWriter.o
                0x000000000800200c                SimpleWriter::end()
 .text._ZN12SimpleWriter5writeEh
                0x000000000800201c       0x10 ./src/OSC/SimpleWriter.o
                0x000000000800201c                SimpleWriter::write(unsigned char)
 .text._ZN12SimpleWriter5writeEPKhi
                0x000000000800202c       0x1c ./src/OSC/SimpleWriter.o
                0x000000000800202c                SimpleWriter::write(unsigned char const*, int)
 .text.blink_led_init
                0x0000000008002048       0x44 ./src/BlinkLed.o
                0x0000000008002048                blink_led_init
 .text._ZN12InchieKeyLEDC2ER12SimpleWriterR17SLIPEncodedSerial
                0x000000000800208c       0x1c ./src/InchieKeyLED.o
                0x000000000800208c                InchieKeyLED::InchieKeyLED(SimpleWriter&, SLIPEncodedSerial&)
                0x000000000800208c                InchieKeyLED::InchieKeyLED(SimpleWriter&, SLIPEncodedSerial&)
 .text._ZN12InchieKeyLED4initEv
                0x00000000080020a8       0x98 ./src/InchieKeyLED.o
                0x00000000080020a8                InchieKeyLED::init()
 .text._ZN12InchieKeyLED7respondER10OSCMessage
                0x0000000008002140      0x12c ./src/InchieKeyLED.o
                0x0000000008002140                InchieKeyLED::respond(OSCMessage&)
 .text._ZN12InchieKeyLED7performEv
                0x000000000800226c       0xc8 ./src/InchieKeyLED.o
                0x000000000800226c                InchieKeyLED::perform()
 .text._ZN17SLIPEncodedSerialC2EP13hardware_uart
                0x0000000008002334       0x1c ./src/SLIPEncodedSerial.o
                0x0000000008002334                SLIPEncodedSerial::SLIPEncodedSerial(hardware_uart*)
                0x0000000008002334                SLIPEncodedSerial::SLIPEncodedSerial(hardware_uart*)
 .text._ZN17SLIPEncodedSerial6encodeEh
                0x0000000008002350       0x50 ./src/SLIPEncodedSerial.o
                0x0000000008002350                SLIPEncodedSerial::encode(unsigned char)
 .text._ZN17SLIPEncodedSerial6decodeEPKhi
                0x00000000080023a0       0x88 ./src/SLIPEncodedSerial.o
                0x00000000080023a0                SLIPEncodedSerial::decode(unsigned char const*, int)
 .text._ZN17SLIPEncodedSerial10recvPacketEv
                0x0000000008002428       0xa0 ./src/SLIPEncodedSerial.o
                0x0000000008002428                SLIPEncodedSerial::recvPacket()
 .text._ZN17SLIPEncodedSerial11beginPacketEv
                0x00000000080024c8       0x10 ./src/SLIPEncodedSerial.o
                0x00000000080024c8                SLIPEncodedSerial::beginPacket()
 .text._ZN17SLIPEncodedSerial9endPacketEv
                0x00000000080024d8       0x18 ./src/SLIPEncodedSerial.o
                0x00000000080024d8                SLIPEncodedSerial::endPacket()
 .text._ZN17SLIPEncodedSerial6encodeEPKhi
                0x00000000080024f0       0x34 ./src/SLIPEncodedSerial.o
                0x00000000080024f0                SLIPEncodedSerial::encode(unsigned char const*, int)
 .text._ZN17SLIPEncodedSerial10sendPacketEPKhm
                0x0000000008002524       0x50 ./src/SLIPEncodedSerial.o
                0x0000000008002524                SLIPEncodedSerial::sendPacket(unsigned char const*, unsigned long)
 .text.timer_start
                0x0000000008002574       0x44 ./src/Timer.o
                0x0000000008002574                timer_start
 .text.stopwatchReStart
                0x00000000080025b8        0xc ./src/Timer.o
                0x00000000080025b8                stopwatchReStart
 .text.stopwatchReport
                0x00000000080025c4        0xc ./src/Timer.o
                0x00000000080025c4                stopwatchReport
 .text.timer_sleep
                0x00000000080025d0       0x14 ./src/Timer.o
                0x00000000080025d0                timer_sleep
 .text.timer_tick
                0x00000000080025e4       0x24 ./src/Timer.o
                0x00000000080025e4                timer_tick
 .text.SysTick_Handler
                0x0000000008002608        0x8 ./src/Timer.o
                0x0000000008002608                SysTick_Handler
 .text._Z8incIndexR10OSCMessage
                0x0000000008002610       0x10 ./src/main.o
                0x0000000008002610                incIndex(OSCMessage&)
 .text._Z5resetR10OSCMessage
                0x0000000008002620       0x14 ./src/main.o
                0x0000000008002620                reset(OSCMessage&)
 .text._Z8renumberR10OSCMessage
                0x0000000008002634       0x4c ./src/main.o
                0x0000000008002634                renumber(OSCMessage&)
 .text._Z7respondR10OSCMessage
                0x0000000008002680       0x10 ./src/main.o
                0x0000000008002680                respond(OSCMessage&)
 .text._Z41__static_initialization_and_destruction_0ii
                0x0000000008002690       0x38 ./src/main.o
 .text._Z10reportStatR10OSCMessage
                0x00000000080026c8       0xdc ./src/main.o
                0x00000000080026c8                reportStat(OSCMessage&)
 .text._ZN10OSCMessage3addIiEERS_T_
                0x00000000080027a4       0x48 ./src/main.o
                0x00000000080027a4                OSCMessage& OSCMessage::add<int>(int)
 .text.main     0x00000000080027ec      0x25c ./src/main.o
                0x00000000080027ec                main
 .text._GLOBAL__sub_I_slipSerial
                0x0000000008002a48       0x10 ./src/main.o
 .text._GLOBAL__sub_D_slipSerial
                0x0000000008002a58       0x10 ./src/main.o
 .text.uart2_tx_it_en
                0x0000000008002a68        0x4 ./src/uart.o
                0x0000000008002a68                uart2_tx_it_en
 .text.uart_service_tx
                0x0000000008002a6c       0x4c ./src/uart.o
                0x0000000008002a6c                uart_service_tx
 .text.uart_init
                0x0000000008002ab8       0xcc ./src/uart.o
                0x0000000008002ab8                uart_init
 .text.USART2_IRQHandler
                0x0000000008002b84       0x38 ./src/uart.o
                0x0000000008002b84                USART2_IRQHandler
 .text.USART1_IRQHandler
                0x0000000008002bbc        0x4 ./src/uart.o
                0x0000000008002bbc                USART1_IRQHandler
 .text._ZdlPv   0x0000000008002bc0        0xc /Users/owen/gcc-arm-none-eabi-4_8-2014q1/bin/../lib/gcc/arm-none-eabi/4.8.3/../../../../arm-none-eabi/lib/armv6-m/libstdc++_s.a(del_op.o)
                0x0000000008002bc0                operator delete(void*)
 .text._Znwj    0x0000000008002bcc       0x28 /Users/owen/gcc-arm-none-eabi-4_8-2014q1/bin/../lib/gcc/arm-none-eabi/4.8.3/../../../../arm-none-eabi/lib/armv6-m/libstdc++_s.a(new_op.o)
                0x0000000008002bcc                operator new(unsigned int)
 .text          0x0000000008002bf4       0x9c /Users/owen/gcc-arm-none-eabi-4_8-2014q1/bin/../lib/gcc/arm-none-eabi/4.8.3/armv6-m/libgcc.a(_udivsi3.o)
                0x0000000008002bf4                __udivsi3
                0x0000000008002bf4                __aeabi_uidiv
                0x0000000008002c7c                __aeabi_uidivmod
 .text          0x0000000008002c90        0x4 /Users/owen/gcc-arm-none-eabi-4_8-2014q1/bin/../lib/gcc/arm-none-eabi/4.8.3/armv6-m/libgcc.a(_dvmd_tls.o)
                0x0000000008002c90                __aeabi_ldiv0
                0x0000000008002c90                __aeabi_idiv0
 .text.__errno  0x0000000008002c94        0xc /Users/owen/gcc-arm-none-eabi-4_8-2014q1/bin/../lib/gcc/arm-none-eabi/4.8.3/../../../../arm-none-eabi/lib/armv6-m/libg_s.a(lib_a-errno.o)
                0x0000000008002c94                __errno
 .text.malloc   0x0000000008002ca0       0x14 /Users/owen/gcc-arm-none-eabi-4_8-2014q1/bin/../lib/gcc/arm-none-eabi/4.8.3/../../../../arm-none-eabi/lib/armv6-m/libg_s.a(lib_a-malloc.o)
                0x0000000008002ca0                malloc
 .text.free     0x0000000008002cb4       0x14 /Users/owen/gcc-arm-none-eabi-4_8-2014q1/bin/../lib/gcc/arm-none-eabi/4.8.3/../../../../arm-none-eabi/lib/armv6-m/libg_s.a(lib_a-malloc.o)
                0x0000000008002cb4                free
 .text.memcpy   0x0000000008002cc8       0x12 /Users/owen/gcc-arm-none-eabi-4_8-2014q1/bin/../lib/gcc/arm-none-eabi/4.8.3/../../../../arm-none-eabi/lib/armv6-m/libg_s.a(lib_a-memcpy-stub.o)
                0x0000000008002cc8                memcpy
 *fill*         0x0000000008002cda        0x2 
 .text._free_r  0x0000000008002cdc       0x90 /Users/owen/gcc-arm-none-eabi-4_8-2014q1/bin/../lib/gcc/arm-none-eabi/4.8.3/../../../../arm-none-eabi/lib/armv6-m/libg_s.a(lib_a-nano-freer.o)
                0x0000000008002cdc                _free_r
 .text._malloc_r
                0x0000000008002d6c       0xa8 /Users/owen/gcc-arm-none-eabi-4_8-2014q1/bin/../lib/gcc/arm-none-eabi/4.8.3/../../../../arm-none-eabi/lib/armv6-m/libg_s.a(lib_a-nano-mallocr.o)
                0x0000000008002d6c                _malloc_r
 .text.realloc  0x0000000008002e14       0x18 /Users/owen/gcc-arm-none-eabi-4_8-2014q1/bin/../lib/gcc/arm-none-eabi/4.8.3/../../../../arm-none-eabi/lib/armv6-m/libg_s.a(lib_a-realloc.o)
                0x0000000008002e14                realloc
 .text._sbrk_r  0x0000000008002e2c       0x24 /Users/owen/gcc-arm-none-eabi-4_8-2014q1/bin/../lib/gcc/arm-none-eabi/4.8.3/../../../../arm-none-eabi/lib/armv6-m/libg_s.a(lib_a-sbrkr.o)
                0x0000000008002e2c                _sbrk_r
 .text.sprintf  0x0000000008002e50       0x44 /Users/owen/gcc-arm-none-eabi-4_8-2014q1/bin/../lib/gcc/arm-none-eabi/4.8.3/../../../../arm-none-eabi/lib/armv6-m/libg_s.a(lib_a-sprintf.o)
                0x0000000008002e50                sprintf
                0x0000000008002e50                siprintf
 .text          0x0000000008002e94       0x14 /Users/owen/gcc-arm-none-eabi-4_8-2014q1/bin/../lib/gcc/arm-none-eabi/4.8.3/../../../../arm-none-eabi/lib/armv6-m/libg_s.a(lib_a-strcmp.o)
                0x0000000008002e94                strcmp
 .text.strcpy   0x0000000008002ea8       0x10 /Users/owen/gcc-arm-none-eabi-4_8-2014q1/bin/../lib/gcc/arm-none-eabi/4.8.3/../../../../arm-none-eabi/lib/armv6-m/libg_s.a(lib_a-strcpy.o)
                0x0000000008002ea8                strcpy
 .text.strlen   0x0000000008002eb8        0xe /Users/owen/gcc-arm-none-eabi-4_8-2014q1/bin/../lib/gcc/arm-none-eabi/4.8.3/../../../../arm-none-eabi/lib/armv6-m/libg_s.a(lib_a-strlen.o)
                0x0000000008002eb8                strlen
 .text.strncmp  0x0000000008002ec6       0x2c /Users/owen/gcc-arm-none-eabi-4_8-2014q1/bin/../lib/gcc/arm-none-eabi/4.8.3/../../../../arm-none-eabi/lib/armv6-m/libg_s.a(lib_a-strncmp.o)
                0x0000000008002ec6                strncmp
 *fill*         0x0000000008002ef2        0x2 
 .text.__ssputs_r
                0x0000000008002ef4       0xc0 /Users/owen/gcc-arm-none-eabi-4_8-2014q1/bin/../lib/gcc/arm-none-eabi/4.8.3/../../../../arm-none-eabi/lib/armv6-m/libg_s.a(lib_a-svfprintf.o)
                0x0000000008002ef4                __ssputs_r
 .text._svfprintf_r
                0x0000000008002fb4      0x1e0 /Users/owen/gcc-arm-none-eabi-4_8-2014q1/bin/../lib/gcc/arm-none-eabi/4.8.3/../../../../arm-none-eabi/lib/armv6-m/libg_s.a(lib_a-svfprintf.o)
                0x0000000008002fb4                _svfprintf_r
                0x0000000008002fb4                _svfiprintf_r
 .text._printf_common
                0x0000000008003194       0xe8 /Users/owen/gcc-arm-none-eabi-4_8-2014q1/bin/../lib/gcc/arm-none-eabi/4.8.3/../../../../arm-none-eabi/lib/armv6-m/libg_s.a(lib_a-vfprintf_i.o)
                0x0000000008003194                _printf_common
 .text._printf_i
                0x000000000800327c      0x22c /Users/owen/gcc-arm-none-eabi-4_8-2014q1/bin/../lib/gcc/arm-none-eabi/4.8.3/../../../../arm-none-eabi/lib/armv6-m/libg_s.a(lib_a-vfprintf_i.o)
                0x000000000800327c                _printf_i
 .text._vsnprintf_r
                0x00000000080034a8       0x54 /Users/owen/gcc-arm-none-eabi-4_8-2014q1/bin/../lib/gcc/arm-none-eabi/4.8.3/../../../../arm-none-eabi/lib/armv6-m/libg_s.a(lib_a-vsnprintf.o)
                0x00000000080034a8                _vsnprintf_r
                0x00000000080034a8                _vsniprintf_r
 .text.vsnprintf
                0x00000000080034fc       0x20 /Users/owen/gcc-arm-none-eabi-4_8-2014q1/bin/../lib/gcc/arm-none-eabi/4.8.3/../../../../arm-none-eabi/lib/armv6-m/libg_s.a(lib_a-vsnprintf.o)
                0x00000000080034fc                vsnprintf
                0x00000000080034fc                vsniprintf
 .text.memchr   0x000000000800351c       0x16 /Users/owen/gcc-arm-none-eabi-4_8-2014q1/bin/../lib/gcc/arm-none-eabi/4.8.3/../../../../arm-none-eabi/lib/armv6-m/libg_s.a(lib_a-memchr-stub.o)
                0x000000000800351c                memchr
 .text.memmove  0x0000000008003532       0x32 /Users/owen/gcc-arm-none-eabi-4_8-2014q1/bin/../lib/gcc/arm-none-eabi/4.8.3/../../../../arm-none-eabi/lib/armv6-m/libg_s.a(lib_a-memmove.o)
                0x0000000008003532                memmove
 .text._realloc_r
                0x0000000008003564       0x4c /Users/owen/gcc-arm-none-eabi-4_8-2014q1/bin/../lib/gcc/arm-none-eabi/4.8.3/../../../../arm-none-eabi/lib/armv6-m/libg_s.a(lib_a-nano-reallocr.o)
                0x0000000008003564                _realloc_r
 .text._malloc_usable_size_r
                0x00000000080035b0       0x12 /Users/owen/gcc-arm-none-eabi-4_8-2014q1/bin/../lib/gcc/arm-none-eabi/4.8.3/../../../../arm-none-eabi/lib/armv6-m/libg_s.a(lib_a-nano-msizer.o)
                0x00000000080035b0                _malloc_usable_size_r
 *(.rodata .rodata.*)
 *fill*         0x00000000080035c2        0x2 
 .rodata.str1.4
                0x00000000080035c4       0x31 ./system/src/stm32f0-stdperiph/stm32f0xx_gpio.o
                                         0x34 (size before relaxing)
 *fill*         0x00000000080035f5        0x3 
 .rodata.str1.4
                0x00000000080035f8       0x31 ./system/src/stm32f0-stdperiph/stm32f0xx_iwdg.o
                                         0x34 (size before relaxing)
 *fill*         0x0000000008003629        0x3 
 .rodata.str1.4
                0x000000000800362c       0x31 ./system/src/stm32f0-stdperiph/stm32f0xx_misc.o
                                         0x34 (size before relaxing)
 *fill*         0x000000000800365d        0x3 
 .rodata.str1.4
                0x0000000008003660       0x30 ./system/src/stm32f0-stdperiph/stm32f0xx_rcc.o
 .rodata.str1.4
                0x0000000008003690       0x32 ./system/src/stm32f0-stdperiph/stm32f0xx_usart.o
                                         0x34 (size before relaxing)
 *fill*         0x00000000080036c2        0x2 
 .rodata.str1.4
                0x00000000080036c4       0x14 ./system/src/newlib/_exit.o
 .rodata.str1.4
                0x00000000080036d8       0x6b ./system/src/newlib/assert.o
                                         0x70 (size before relaxing)
 *fill*         0x0000000008003743        0x1 
 .rodata.str1.4
                0x0000000008003744       0x2d ./system/src/diag/Trace.o
                                         0x30 (size before relaxing)
 *fill*         0x0000000008003771        0x3 
 .rodata._ZN10OSCMessage10decodeDataEh
                0x0000000008003774       0x4c ./src/OSC/OSCMessage.o
 .rodata._ZN10OSCMessage6decodeEh
                0x00000000080037c0       0x1c ./src/OSC/OSCMessage.o
 .rodata.str1.4
                0x00000000080037dc       0x11 ./src/InchieKeyLED.o
                                         0x14 (size before relaxing)
 *fill*         0x00000000080037ed        0x3 
 .rodata.str1.4
                0x00000000080037f0       0x38 ./src/main.o
 .rodata.str1.1
                0x0000000008003828        0x2 /Users/owen/gcc-arm-none-eabi-4_8-2014q1/bin/../lib/gcc/arm-none-eabi/4.8.3/../../../../arm-none-eabi/lib/armv6-m/libg_s.a(lib_a-impure.o)
 .rodata.str1.1
                0x000000000800382a       0x11 /Users/owen/gcc-arm-none-eabi-4_8-2014q1/bin/../lib/gcc/arm-none-eabi/4.8.3/../../../../arm-none-eabi/lib/armv6-m/libg_s.a(lib_a-svfprintf.o)
 .rodata.str1.1
                0x000000000800383b       0x22 /Users/owen/gcc-arm-none-eabi-4_8-2014q1/bin/../lib/gcc/arm-none-eabi/4.8.3/../../../../arm-none-eabi/lib/armv6-m/libg_s.a(lib_a-vfprintf_i.o)
 *(vtable)
 *(.eh_frame*)
 *(.glue_7)
 .glue_7        0x0000000000000000        0x0 linker stubs
 *(.glue_7t)
 .glue_7t       0x0000000000000000        0x0 linker stubs

.vfp11_veneer   0x0000000008003860        0x0
 .vfp11_veneer  0x0000000000000000        0x0 linker stubs

.v4_bx          0x0000000008003860        0x0
 .v4_bx         0x0000000000000000        0x0 linker stubs

.iplt           0x0000000008003860        0x0
 .iplt          0x0000000000000000        0x0 ./system/src/stm32f0-stdperiph/stm32f0xx_adc.o

.rel.dyn        0x0000000008003860        0x0
 .rel.iplt      0x0000000000000000        0x0 ./system/src/stm32f0-stdperiph/stm32f0xx_adc.o

.ARM.extab
 *(.ARM.extab* .gnu.linkonce.armextab.*)
                0x0000000008003860                __exidx_start = .

.ARM.exidx
 *(.ARM.exidx* .gnu.linkonce.armexidx.*)
                0x0000000008003860                __exidx_end = .
                0x0000000008003860                . = ALIGN (0x4)
                0x0000000008003860                _etext = .
                0x0000000008003860                __etext = .
                0x0000000008003860                _sidata = _etext

.data           0x0000000020000000       0x88 load address 0x0000000008003860
                0x0000000020000000                . = ALIGN (0x4)
                0x0000000020000000                _sdata = .
                0x0000000020000000                __data_start__ = .
 *(.data_begin .data_begin.*)
 .data_begin    0x0000000020000000        0x4 ./system/src/newlib/_startup.o
 *(.data .data.*)
 .data.APBAHBPrescTable
                0x0000000020000004       0x10 ./system/src/stm32f0-stdperiph/stm32f0xx_rcc.o
 .data.argv.4458
                0x0000000020000014        0x8 ./system/src/newlib/_syscalls.o
 .data.SystemCoreClock
                0x000000002000001c        0x4 ./system/src/cmsis/system_stm32f0xx.o
                0x000000002000001c                SystemCoreClock
 .data.impure_data
                0x0000000020000020       0x60 /Users/owen/gcc-arm-none-eabi-4_8-2014q1/bin/../lib/gcc/arm-none-eabi/4.8.3/../../../../arm-none-eabi/lib/armv6-m/libg_s.a(lib_a-impure.o)
 .data._impure_ptr
                0x0000000020000080        0x4 /Users/owen/gcc-arm-none-eabi-4_8-2014q1/bin/../lib/gcc/arm-none-eabi/4.8.3/../../../../arm-none-eabi/lib/armv6-m/libg_s.a(lib_a-impure.o)
                0x0000000020000080                _impure_ptr
 *(.data_end .data_end.*)
 .data_end      0x0000000020000084        0x4 ./system/src/newlib/_startup.o
                0x0000000020000088                . = ALIGN (0x4)
                0x0000000020000088                _edata = .
                0x0000000020000088                __data_end__ = .

.igot.plt       0x0000000020000088        0x0 load address 0x00000000080038e8
 .igot.plt      0x0000000000000000        0x0 ./system/src/stm32f0-stdperiph/stm32f0xx_adc.o

.bss            0x0000000020000088      0x8f8 load address 0x00000000080038e8
                0x0000000020000088                . = ALIGN (0x4)
                0x0000000020000088                __bss_start__ = .
                0x0000000020000088                _sbss = .
 *(.bss_begin .bss_begin.*)
 .bss_begin     0x0000000020000088        0x4 ./system/src/newlib/_startup.o
 *(.bss .bss.*)
 .bss.current_heap_end.4286
                0x000000002000008c        0x4 ./system/src/newlib/_sbrk.o
 .bss.name.4457
                0x0000000020000090        0x4 ./system/src/newlib/_syscalls.o
 .bss.buf.5349  0x0000000020000094       0x80 ./system/src/diag/Trace.o
 .bss.oscBuf    0x0000000020000114      0x104 ./src/main.o
                0x0000000020000114                oscBuf
 .bss.inchie    0x0000000020000218       0x24 ./src/main.o
                0x0000000020000218                inchie
 .bss.slipSerial
                0x000000002000023c      0x51c ./src/main.o
                0x000000002000023c                slipSerial
 .bss.__new_handler
                0x0000000020000758        0x4 /Users/owen/gcc-arm-none-eabi-4_8-2014q1/bin/../lib/gcc/arm-none-eabi/4.8.3/../../../../arm-none-eabi/lib/armv6-m/libstdc++_s.a(new_handler.o)
                0x0000000020000758                __new_handler
 .bss.__malloc_sbrk_start
                0x000000002000075c        0x4 /Users/owen/gcc-arm-none-eabi-4_8-2014q1/bin/../lib/gcc/arm-none-eabi/4.8.3/../../../../arm-none-eabi/lib/armv6-m/libg_s.a(lib_a-nano-mallocr.o)
                0x000000002000075c                __malloc_sbrk_start
 .bss.__malloc_free_list
                0x0000000020000760        0x4 /Users/owen/gcc-arm-none-eabi-4_8-2014q1/bin/../lib/gcc/arm-none-eabi/4.8.3/../../../../arm-none-eabi/lib/armv6-m/libg_s.a(lib_a-nano-mallocr.o)
                0x0000000020000760                __malloc_free_list
 *(COMMON)
 COMMON         0x0000000020000764        0x4 ./system/src/newlib/_syscalls.o
                0x0000000020000764                errno
 COMMON         0x0000000020000768        0x8 ./src/Timer.o
                0x0000000020000768                timer_delayCount
                0x000000002000076c                stopwatch
 COMMON         0x0000000020000770      0x20c ./src/uart.o
                0x0000000020000770                uart_downstream
 *(.bss_end .bss_end.*)
 .bss_end       0x000000002000097c        0x4 ./system/src/newlib/_startup.o
                0x0000000020000980                . = ALIGN (0x4)
                0x0000000020000980                __bss_end__ = .
                0x0000000020000980                _ebss = .

.noinit         0x0000000020000980        0x0
                0x0000000020000980                . = ALIGN (0x4)
                0x0000000020000980                _noinit = .
 *(.noinit .noinit.*)
                0x0000000020000980                . = ALIGN (0x4)
                0x0000000020000980                _end_noinit = .
                0x0000000020000980                PROVIDE (end, _end_noinit)
                0x0000000020000980                PROVIDE (_end, _end_noinit)
                0x0000000020000980                PROVIDE (__end, _end_noinit)
                0x0000000020000980                PROVIDE (__end__, _end_noinit)

._check_stack   0x0000000020000980      0x100 load address 0x00000000080041e0
                0x0000000020000980                . = ALIGN (0x4)
                0x0000000020000a80                . = (. + _Minimum_Stack_Size)
 *fill*         0x0000000020000980      0x100 
                0x0000000020000a80                . = ALIGN (0x4)

.bss_CCMRAM
 *(.bss.CCMRAM .bss.CCMRAM.*)

.b1text
 *(.b1text)
 *(.b1rodata)
 *(.b1rodata.*)

.eb0text
 *(.eb0text)
 *(.eb0rodata)
 *(.eb0rodata.*)

.eb1text
 *(.eb1text)
 *(.eb1rodata)
 *(.eb1rodata.*)

.eb2text
 *(.eb2text)
 *(.eb2rodata)
 *(.eb2rodata.*)

.eb3text
 *(.eb3text)
 *(.eb3rodata)
 *(.eb3rodata.*)

.stab
 *(.stab)

.stabstr
 *(.stabstr)

.stab.excl
 *(.stab.excl)

.stab.exclstr
 *(.stab.exclstr)

.stab.index
 *(.stab.index)

.stab.indexstr
 *(.stab.indexstr)

.comment        0x0000000000000000       0x70
 *(.comment)
 .comment       0x0000000000000000       0x70 ./system/src/stm32f0-stdperiph/stm32f0xx_gpio.o
                                         0x71 (size before relaxing)
 .comment       0x0000000000000000       0x71 ./system/src/stm32f0-stdperiph/stm32f0xx_iwdg.o
 .comment       0x0000000000000000       0x71 ./system/src/stm32f0-stdperiph/stm32f0xx_misc.o
 .comment       0x0000000000000000       0x71 ./system/src/stm32f0-stdperiph/stm32f0xx_rcc.o
 .comment       0x0000000000000000       0x71 ./system/src/stm32f0-stdperiph/stm32f0xx_usart.o
 .comment       0x0000000000000000       0x71 ./system/src/newlib/_exit.o
 .comment       0x0000000000000000       0x71 ./system/src/newlib/_sbrk.o
 .comment       0x0000000000000000       0x71 ./system/src/newlib/_startup.o
 .comment       0x0000000000000000       0x71 ./system/src/newlib/_syscalls.o
 .comment       0x0000000000000000       0x71 ./system/src/newlib/assert.o
 .comment       0x0000000000000000       0x71 ./system/src/diag/Trace.o
 .comment       0x0000000000000000       0x71 ./system/src/diag/trace_impl.o
 .comment       0x0000000000000000       0x71 ./system/src/cortexm/_initialize_hardware.o
 .comment       0x0000000000000000       0x71 ./system/src/cortexm/exception_handlers.o
 .comment       0x0000000000000000       0x71 ./system/src/cmsis/system_stm32f0xx.o
 .comment       0x0000000000000000       0x71 ./system/src/cmsis/vectors_stm32f0xx.o
 .comment       0x0000000000000000       0x71 ./src/OSC/OSCData.o
 .comment       0x0000000000000000       0x71 ./src/OSC/OSCMatch.o
 .comment       0x0000000000000000       0x71 ./src/OSC/OSCMessage.o
 .comment       0x0000000000000000       0x71 ./src/OSC/SimpleWriter.o
 .comment       0x0000000000000000       0x71 ./src/BlinkLed.o
 .comment       0x0000000000000000       0x71 ./src/InchieKeyLED.o
 .comment       0x0000000000000000       0x71 ./src/SLIPEncodedSerial.o
 .comment       0x0000000000000000       0x71 ./src/Timer.o
 .comment       0x0000000000000000       0x71 ./src/main.o
 .comment       0x0000000000000000       0x71 ./src/uart.o

.ARM.attributes
                0x0000000000000000       0x2f
 .ARM.attributes
                0x0000000000000000       0x31 ./system/src/stm32f0-stdperiph/stm32f0xx_gpio.o
 .ARM.attributes
                0x0000000000000031       0x31 ./system/src/stm32f0-stdperiph/stm32f0xx_iwdg.o
 .ARM.attributes
                0x0000000000000062       0x31 ./system/src/stm32f0-stdperiph/stm32f0xx_misc.o
 .ARM.attributes
                0x0000000000000093       0x31 ./system/src/stm32f0-stdperiph/stm32f0xx_rcc.o
 .ARM.attributes
                0x00000000000000c4       0x31 ./system/src/stm32f0-stdperiph/stm32f0xx_usart.o
 .ARM.attributes
                0x00000000000000f5       0x31 ./system/src/newlib/_exit.o
 .ARM.attributes
                0x0000000000000126       0x31 ./system/src/newlib/_sbrk.o
 .ARM.attributes
                0x0000000000000157       0x31 ./system/src/newlib/_startup.o
 .ARM.attributes
                0x0000000000000188       0x31 ./system/src/newlib/_syscalls.o
 .ARM.attributes
                0x00000000000001b9       0x31 ./system/src/newlib/assert.o
 .ARM.attributes
                0x00000000000001ea       0x31 ./system/src/diag/Trace.o
 .ARM.attributes
                0x000000000000021b       0x31 ./system/src/diag/trace_impl.o
 .ARM.attributes
                0x000000000000024c       0x31 ./system/src/cortexm/_initialize_hardware.o
 .ARM.attributes
                0x000000000000027d       0x31 ./system/src/cortexm/exception_handlers.o
 .ARM.attributes
                0x00000000000002ae       0x31 ./system/src/cmsis/system_stm32f0xx.o
 .ARM.attributes
                0x00000000000002df       0x31 ./system/src/cmsis/vectors_stm32f0xx.o
 .ARM.attributes
                0x0000000000000310       0x31 ./src/OSC/OSCData.o
 .ARM.attributes
                0x0000000000000341       0x31 ./src/OSC/OSCMatch.o
 .ARM.attributes
                0x0000000000000372       0x31 ./src/OSC/OSCMessage.o
 .ARM.attributes
                0x00000000000003a3       0x31 ./src/OSC/SimpleWriter.o
 .ARM.attributes
                0x00000000000003d4       0x31 ./src/BlinkLed.o
 .ARM.attributes
                0x0000000000000405       0x31 ./src/InchieKeyLED.o
 .ARM.attributes
                0x0000000000000436       0x31 ./src/SLIPEncodedSerial.o
 .ARM.attributes
                0x0000000000000467       0x31 ./src/Timer.o
 .ARM.attributes
                0x0000000000000498       0x31 ./src/main.o
 .ARM.attributes
                0x00000000000004c9       0x31 ./src/uart.o
 .ARM.attributes
                0x00000000000004fa       0x2c /Users/owen/gcc-arm-none-eabi-4_8-2014q1/bin/../lib/gcc/arm-none-eabi/4.8.3/../../../../arm-none-eabi/lib/armv6-m/libstdc++_s.a(del_op.o)
 .ARM.attributes
                0x0000000000000526       0x2c /Users/owen/gcc-arm-none-eabi-4_8-2014q1/bin/../lib/gcc/arm-none-eabi/4.8.3/../../../../arm-none-eabi/lib/armv6-m/libstdc++_s.a(new_op.o)
 .ARM.attributes
                0x0000000000000552       0x2c /Users/owen/gcc-arm-none-eabi-4_8-2014q1/bin/../lib/gcc/arm-none-eabi/4.8.3/../../../../arm-none-eabi/lib/armv6-m/libstdc++_s.a(new_handler.o)
 .ARM.attributes
                0x000000000000057e       0x1e /Users/owen/gcc-arm-none-eabi-4_8-2014q1/bin/../lib/gcc/arm-none-eabi/4.8.3/armv6-m/libgcc.a(_udivsi3.o)
 .ARM.attributes
                0x000000000000059c       0x1e /Users/owen/gcc-arm-none-eabi-4_8-2014q1/bin/../lib/gcc/arm-none-eabi/4.8.3/armv6-m/libgcc.a(_dvmd_tls.o)
 .ARM.attributes
                0x00000000000005ba       0x2c /Users/owen/gcc-arm-none-eabi-4_8-2014q1/bin/../lib/gcc/arm-none-eabi/4.8.3/../../../../arm-none-eabi/lib/armv6-m/libg_s.a(lib_a-errno.o)
 .ARM.attributes
                0x00000000000005e6       0x2c /Users/owen/gcc-arm-none-eabi-4_8-2014q1/bin/../lib/gcc/arm-none-eabi/4.8.3/../../../../arm-none-eabi/lib/armv6-m/libg_s.a(lib_a-impure.o)
 .ARM.attributes
                0x0000000000000612       0x2c /Users/owen/gcc-arm-none-eabi-4_8-2014q1/bin/../lib/gcc/arm-none-eabi/4.8.3/../../../../arm-none-eabi/lib/armv6-m/libg_s.a(lib_a-malloc.o)
 .ARM.attributes
                0x000000000000063e       0x2c /Users/owen/gcc-arm-none-eabi-4_8-2014q1/bin/../lib/gcc/arm-none-eabi/4.8.3/../../../../arm-none-eabi/lib/armv6-m/libg_s.a(lib_a-memcpy-stub.o)
 .ARM.attributes
                0x000000000000066a       0x2c /Users/owen/gcc-arm-none-eabi-4_8-2014q1/bin/../lib/gcc/arm-none-eabi/4.8.3/../../../../arm-none-eabi/lib/armv6-m/libg_s.a(lib_a-nano-freer.o)
 .ARM.attributes
                0x0000000000000696       0x2c /Users/owen/gcc-arm-none-eabi-4_8-2014q1/bin/../lib/gcc/arm-none-eabi/4.8.3/../../../../arm-none-eabi/lib/armv6-m/libg_s.a(lib_a-nano-mallocr.o)
 .ARM.attributes
                0x00000000000006c2       0x2c /Users/owen/gcc-arm-none-eabi-4_8-2014q1/bin/../lib/gcc/arm-none-eabi/4.8.3/../../../../arm-none-eabi/lib/armv6-m/libg_s.a(lib_a-realloc.o)
 .ARM.attributes
                0x00000000000006ee       0x2c /Users/owen/gcc-arm-none-eabi-4_8-2014q1/bin/../lib/gcc/arm-none-eabi/4.8.3/../../../../arm-none-eabi/lib/armv6-m/libg_s.a(lib_a-sbrkr.o)
 .ARM.attributes
                0x000000000000071a       0x2c /Users/owen/gcc-arm-none-eabi-4_8-2014q1/bin/../lib/gcc/arm-none-eabi/4.8.3/../../../../arm-none-eabi/lib/armv6-m/libg_s.a(lib_a-sprintf.o)
 .ARM.attributes
                0x0000000000000746       0x1c /Users/owen/gcc-arm-none-eabi-4_8-2014q1/bin/../lib/gcc/arm-none-eabi/4.8.3/../../../../arm-none-eabi/lib/armv6-m/libg_s.a(lib_a-strcmp.o)
 .ARM.attributes
                0x0000000000000762       0x2c /Users/owen/gcc-arm-none-eabi-4_8-2014q1/bin/../lib/gcc/arm-none-eabi/4.8.3/../../../../arm-none-eabi/lib/armv6-m/libg_s.a(lib_a-strcpy.o)
 .ARM.attributes
                0x000000000000078e       0x2c /Users/owen/gcc-arm-none-eabi-4_8-2014q1/bin/../lib/gcc/arm-none-eabi/4.8.3/../../../../arm-none-eabi/lib/armv6-m/libg_s.a(lib_a-strlen.o)
 .ARM.attributes
                0x00000000000007ba       0x2c /Users/owen/gcc-arm-none-eabi-4_8-2014q1/bin/../lib/gcc/arm-none-eabi/4.8.3/../../../../arm-none-eabi/lib/armv6-m/libg_s.a(lib_a-strncmp.o)
 .ARM.attributes
                0x00000000000007e6       0x2c /Users/owen/gcc-arm-none-eabi-4_8-2014q1/bin/../lib/gcc/arm-none-eabi/4.8.3/../../../../arm-none-eabi/lib/armv6-m/libg_s.a(lib_a-svfprintf.o)
 .ARM.attributes
                0x0000000000000812       0x2c /Users/owen/gcc-arm-none-eabi-4_8-2014q1/bin/../lib/gcc/arm-none-eabi/4.8.3/../../../../arm-none-eabi/lib/armv6-m/libg_s.a(lib_a-vfprintf_i.o)
 .ARM.attributes
                0x000000000000083e       0x2c /Users/owen/gcc-arm-none-eabi-4_8-2014q1/bin/../lib/gcc/arm-none-eabi/4.8.3/../../../../arm-none-eabi/lib/armv6-m/libg_s.a(lib_a-vsnprintf.o)
 .ARM.attributes
                0x000000000000086a       0x2c /Users/owen/gcc-arm-none-eabi-4_8-2014q1/bin/../lib/gcc/arm-none-eabi/4.8.3/../../../../arm-none-eabi/lib/armv6-m/libg_s.a(lib_a-memchr-stub.o)
 .ARM.attributes
                0x0000000000000896       0x2c /Users/owen/gcc-arm-none-eabi-4_8-2014q1/bin/../lib/gcc/arm-none-eabi/4.8.3/../../../../arm-none-eabi/lib/armv6-m/libg_s.a(lib_a-memmove.o)
 .ARM.attributes
                0x00000000000008c2       0x2c /Users/owen/gcc-arm-none-eabi-4_8-2014q1/bin/../lib/gcc/arm-none-eabi/4.8.3/../../../../arm-none-eabi/lib/armv6-m/libg_s.a(lib_a-nano-reallocr.o)
 .ARM.attributes
                0x00000000000008ee       0x2c /Users/owen/gcc-arm-none-eabi-4_8-2014q1/bin/../lib/gcc/arm-none-eabi/4.8.3/../../../../arm-none-eabi/lib/armv6-m/libg_s.a(lib_a-nano-msizer.o)

.debug
 *(.debug)

.line
 *(.line)

.debug_srcinfo
 *(.debug_srcinfo)

.debug_sfnames
 *(.debug_sfnames)

.debug_aranges  0x0000000000000000      0xaf8
 *(.debug_aranges)
 .debug_aranges
                0x0000000000000000       0x80 ./system/src/stm32f0-stdperiph/stm32f0xx_gpio.o
 .debug_aranges
                0x0000000000000080       0x50 ./system/src/stm32f0-stdperiph/stm32f0xx_iwdg.o
 .debug_aranges
                0x00000000000000d0       0x30 ./system/src/stm32f0-stdperiph/stm32f0xx_misc.o
 .debug_aranges
                0x0000000000000100      0x160 ./system/src/stm32f0-stdperiph/stm32f0xx_rcc.o
 .debug_aranges
                0x0000000000000260      0x1a0 ./system/src/stm32f0-stdperiph/stm32f0xx_usart.o
 .debug_aranges
                0x0000000000000400       0x28 ./system/src/newlib/_exit.o
 .debug_aranges
                0x0000000000000428       0x20 ./system/src/newlib/_sbrk.o
 .debug_aranges
                0x0000000000000448       0x40 ./system/src/newlib/_startup.o
 .debug_aranges
                0x0000000000000488       0xd0 ./system/src/newlib/_syscalls.o
 .debug_aranges
                0x0000000000000558       0x28 ./system/src/newlib/assert.o
 .debug_aranges
                0x0000000000000580       0x38 ./system/src/diag/Trace.o
 .debug_aranges
                0x00000000000005b8       0x30 ./system/src/diag/trace_impl.o
 .debug_aranges
                0x00000000000005e8       0x20 ./system/src/cortexm/_initialize_hardware.o
 .debug_aranges
                0x0000000000000608       0x48 ./system/src/cortexm/exception_handlers.o
 .debug_aranges
                0x0000000000000650       0x30 ./system/src/cmsis/system_stm32f0xx.o
 .debug_aranges
                0x0000000000000680       0x20 ./system/src/cmsis/vectors_stm32f0xx.o
 .debug_aranges
                0x00000000000006a0       0xa8 ./src/OSC/OSCData.o
 .debug_aranges
                0x0000000000000748       0x48 ./src/OSC/OSCMatch.o
 .debug_aranges
                0x0000000000000790      0x180 ./src/OSC/OSCMessage.o
 .debug_aranges
                0x0000000000000910       0x38 ./src/OSC/SimpleWriter.o
 .debug_aranges
                0x0000000000000948       0x20 ./src/BlinkLed.o
 .debug_aranges
                0x0000000000000968       0x38 ./src/InchieKeyLED.o
 .debug_aranges
                0x00000000000009a0       0x58 ./src/SLIPEncodedSerial.o
 .debug_aranges
                0x00000000000009f8       0x48 ./src/Timer.o
 .debug_aranges
                0x0000000000000a40       0x68 ./src/main.o
 .debug_aranges
                0x0000000000000aa8       0x50 ./src/uart.o

.debug_pubnames
 *(.debug_pubnames)

.debug_info     0x0000000000000000    0x11651
 *(.debug_info .gnu.linkonce.wi.*)
 .debug_info    0x0000000000000000      0xa38 ./system/src/stm32f0-stdperiph/stm32f0xx_gpio.o
 .debug_info    0x0000000000000a38      0x2bf ./system/src/stm32f0-stdperiph/stm32f0xx_iwdg.o
 .debug_info    0x0000000000000cf7      0x41c ./system/src/stm32f0-stdperiph/stm32f0xx_misc.o
 .debug_info    0x0000000000001113      0xf39 ./system/src/stm32f0-stdperiph/stm32f0xx_rcc.o
 .debug_info    0x000000000000204c     0x1b10 ./system/src/stm32f0-stdperiph/stm32f0xx_usart.o
 .debug_info    0x0000000000003b5c      0x100 ./system/src/newlib/_exit.o
 .debug_info    0x0000000000003c5c      0x125 ./system/src/newlib/_sbrk.o
 .debug_info    0x0000000000003d81      0x469 ./system/src/newlib/_startup.o
 .debug_info    0x00000000000041ea      0x8f3 ./system/src/newlib/_syscalls.o
 .debug_info    0x0000000000004add      0x1cd ./system/src/newlib/assert.o
 .debug_info    0x0000000000004caa      0x325 ./system/src/diag/Trace.o
 .debug_info    0x0000000000004fcf      0x2e4 ./system/src/diag/trace_impl.o
 .debug_info    0x00000000000052b3       0x9d ./system/src/cortexm/_initialize_hardware.o
 .debug_info    0x0000000000005350       0xa5 ./system/src/cortexm/exception_handlers.o
 .debug_info    0x00000000000053f5      0x309 ./system/src/cmsis/system_stm32f0xx.o
 .debug_info    0x00000000000056fe       0x92 ./system/src/cmsis/vectors_stm32f0xx.o
 .debug_info    0x0000000000005790      0xbed ./src/OSC/OSCData.o
 .debug_info    0x000000000000637d      0x4f4 ./src/OSC/OSCMatch.o
 .debug_info    0x0000000000006871     0x3c94 ./src/OSC/OSCMessage.o
 .debug_info    0x000000000000a505      0x23a ./src/OSC/SimpleWriter.o
 .debug_info    0x000000000000a73f      0x36c ./src/BlinkLed.o
 .debug_info    0x000000000000aaab     0x1928 ./src/InchieKeyLED.o
 .debug_info    0x000000000000c3d3     0x12ac ./src/SLIPEncodedSerial.o
 .debug_info    0x000000000000d67f      0x499 ./src/Timer.o
 .debug_info    0x000000000000db18     0x31e4 ./src/main.o
 .debug_info    0x0000000000010cfc      0x955 ./src/uart.o

.debug_abbrev   0x0000000000000000     0x3345
 *(.debug_abbrev)
 .debug_abbrev  0x0000000000000000      0x1db ./system/src/stm32f0-stdperiph/stm32f0xx_gpio.o
 .debug_abbrev  0x00000000000001db      0x14d ./system/src/stm32f0-stdperiph/stm32f0xx_iwdg.o
 .debug_abbrev  0x0000000000000328      0x16e ./system/src/stm32f0-stdperiph/stm32f0xx_misc.o
 .debug_abbrev  0x0000000000000496      0x23e ./system/src/stm32f0-stdperiph/stm32f0xx_rcc.o
 .debug_abbrev  0x00000000000006d4      0x1d2 ./system/src/stm32f0-stdperiph/stm32f0xx_usart.o
 .debug_abbrev  0x00000000000008a6       0xa4 ./system/src/newlib/_exit.o
 .debug_abbrev  0x000000000000094a       0xbb ./system/src/newlib/_sbrk.o
 .debug_abbrev  0x0000000000000a05      0x1da ./system/src/newlib/_startup.o
 .debug_abbrev  0x0000000000000bdf      0x178 ./system/src/newlib/_syscalls.o
 .debug_abbrev  0x0000000000000d57       0xc9 ./system/src/newlib/assert.o
 .debug_abbrev  0x0000000000000e20      0x178 ./system/src/diag/Trace.o
 .debug_abbrev  0x0000000000000f98      0x1a3 ./system/src/diag/trace_impl.o
 .debug_abbrev  0x000000000000113b       0x63 ./system/src/cortexm/_initialize_hardware.o
 .debug_abbrev  0x000000000000119e       0x65 ./system/src/cortexm/exception_handlers.o
 .debug_abbrev  0x0000000000001203      0x146 ./system/src/cmsis/system_stm32f0xx.o
 .debug_abbrev  0x0000000000001349       0x92 ./system/src/cmsis/vectors_stm32f0xx.o
 .debug_abbrev  0x00000000000013db      0x2d5 ./src/OSC/OSCData.o
 .debug_abbrev  0x00000000000016b0      0x17c ./src/OSC/OSCMatch.o
 .debug_abbrev  0x000000000000182c      0x54d ./src/OSC/OSCMessage.o
 .debug_abbrev  0x0000000000001d79      0x162 ./src/OSC/SimpleWriter.o
 .debug_abbrev  0x0000000000001edb      0x14b ./src/BlinkLed.o
 .debug_abbrev  0x0000000000002026      0x47b ./src/InchieKeyLED.o
 .debug_abbrev  0x00000000000024a1      0x45a ./src/SLIPEncodedSerial.o
 .debug_abbrev  0x00000000000028fb      0x1cf ./src/Timer.o
 .debug_abbrev  0x0000000000002aca      0x677 ./src/main.o
 .debug_abbrev  0x0000000000003141      0x204 ./src/uart.o

.debug_line     0x0000000000000000     0x81ab
 *(.debug_line)
 .debug_line    0x0000000000000000      0x628 ./system/src/stm32f0-stdperiph/stm32f0xx_gpio.o
 .debug_line    0x0000000000000628      0x4be ./system/src/stm32f0-stdperiph/stm32f0xx_iwdg.o
 .debug_line    0x0000000000000ae6      0x47f ./system/src/stm32f0-stdperiph/stm32f0xx_misc.o
 .debug_line    0x0000000000000f65      0x931 ./system/src/stm32f0-stdperiph/stm32f0xx_rcc.o
 .debug_line    0x0000000000001896      0xb57 ./system/src/stm32f0-stdperiph/stm32f0xx_usart.o
 .debug_line    0x00000000000023ed      0x272 ./system/src/newlib/_exit.o
 .debug_line    0x000000000000265f      0x224 ./system/src/newlib/_sbrk.o
 .debug_line    0x0000000000002883      0x2e7 ./system/src/newlib/_startup.o
 .debug_line    0x0000000000002b6a      0x495 ./system/src/newlib/_syscalls.o
 .debug_line    0x0000000000002fff      0x2a9 ./system/src/newlib/assert.o
 .debug_line    0x00000000000032a8      0x331 ./system/src/diag/Trace.o
 .debug_line    0x00000000000035d9      0x56f ./system/src/diag/trace_impl.o
 .debug_line    0x0000000000003b48      0x438 ./system/src/cortexm/_initialize_hardware.o
 .debug_line    0x0000000000003f80       0x97 ./system/src/cortexm/exception_handlers.o
 .debug_line    0x0000000000004017      0x489 ./system/src/cmsis/system_stm32f0xx.o
 .debug_line    0x00000000000044a0       0x89 ./system/src/cmsis/vectors_stm32f0xx.o
 .debug_line    0x0000000000004529      0x472 ./src/OSC/OSCData.o
 .debug_line    0x000000000000499b      0x483 ./src/OSC/OSCMatch.o
 .debug_line    0x0000000000004e1e      0x9b9 ./src/OSC/OSCMessage.o
 .debug_line    0x00000000000057d7      0x28a ./src/OSC/SimpleWriter.o
 .debug_line    0x0000000000005a61      0x421 ./src/BlinkLed.o
 .debug_line    0x0000000000005e82      0x675 ./src/InchieKeyLED.o
 .debug_line    0x00000000000064f7      0x6bb ./src/SLIPEncodedSerial.o
 .debug_line    0x0000000000006bb2      0x4d3 ./src/Timer.o
 .debug_line    0x0000000000007085      0xc76 ./src/main.o
 .debug_line    0x0000000000007cfb      0x4b0 ./src/uart.o

.debug_frame    0x0000000000000000     0x2098
 *(.debug_frame)
 .debug_frame   0x0000000000000000      0x168 ./system/src/stm32f0-stdperiph/stm32f0xx_gpio.o
 .debug_frame   0x0000000000000168       0xa8 ./system/src/stm32f0-stdperiph/stm32f0xx_iwdg.o
 .debug_frame   0x0000000000000210       0x60 ./system/src/stm32f0-stdperiph/stm32f0xx_misc.o
 .debug_frame   0x0000000000000270      0x3f8 ./system/src/stm32f0-stdperiph/stm32f0xx_rcc.o
 .debug_frame   0x0000000000000668      0x558 ./system/src/stm32f0-stdperiph/stm32f0xx_usart.o
 .debug_frame   0x0000000000000bc0       0x38 ./system/src/newlib/_exit.o
 .debug_frame   0x0000000000000bf8       0x28 ./system/src/newlib/_sbrk.o
 .debug_frame   0x0000000000000c20       0x84 ./system/src/newlib/_startup.o
 .debug_frame   0x0000000000000ca4      0x230 ./system/src/newlib/_syscalls.o
 .debug_frame   0x0000000000000ed4       0x48 ./system/src/newlib/assert.o
 .debug_frame   0x0000000000000f1c       0x80 ./system/src/diag/Trace.o
 .debug_frame   0x0000000000000f9c       0x64 ./system/src/diag/trace_impl.o
 .debug_frame   0x0000000000001000       0x28 ./system/src/cortexm/_initialize_hardware.o
 .debug_frame   0x0000000000001028       0x78 ./system/src/cortexm/exception_handlers.o
 .debug_frame   0x00000000000010a0       0x54 ./system/src/cmsis/system_stm32f0xx.o
 .debug_frame   0x00000000000010f4       0x20 ./system/src/cmsis/vectors_stm32f0xx.o
 .debug_frame   0x0000000000001114      0x190 ./src/OSC/OSCData.o
 .debug_frame   0x00000000000012a4       0xcc ./src/OSC/OSCMatch.o
 .debug_frame   0x0000000000001370      0x4cc ./src/OSC/OSCMessage.o
 .debug_frame   0x000000000000183c       0x5c ./src/OSC/SimpleWriter.o
 .debug_frame   0x0000000000001898       0x2c ./src/BlinkLed.o
 .debug_frame   0x00000000000018c4       0x84 ./src/InchieKeyLED.o
 .debug_frame   0x0000000000001948       0xe8 ./src/SLIPEncodedSerial.o
 .debug_frame   0x0000000000001a30       0x80 ./src/Timer.o
 .debug_frame   0x0000000000001ab0      0x114 ./src/main.o
 .debug_frame   0x0000000000001bc4       0xac ./src/uart.o
 .debug_frame   0x0000000000001c70       0x28 /Users/owen/gcc-arm-none-eabi-4_8-2014q1/bin/../lib/gcc/arm-none-eabi/4.8.3/../../../../arm-none-eabi/lib/armv6-m/libstdc++_s.a(del_op.o)
 .debug_frame   0x0000000000001c98       0x28 /Users/owen/gcc-arm-none-eabi-4_8-2014q1/bin/../lib/gcc/arm-none-eabi/4.8.3/../../../../arm-none-eabi/lib/armv6-m/libstdc++_s.a(new_op.o)
 .debug_frame   0x0000000000001cc0       0x20 /Users/owen/gcc-arm-none-eabi-4_8-2014q1/bin/../lib/gcc/arm-none-eabi/4.8.3/../../../../arm-none-eabi/lib/armv6-m/libstdc++_s.a(new_handler.o)
 .debug_frame   0x0000000000001ce0       0x20 /Users/owen/gcc-arm-none-eabi-4_8-2014q1/bin/../lib/gcc/arm-none-eabi/4.8.3/armv6-m/libgcc.a(_udivsi3.o)
 .debug_frame   0x0000000000001d00       0x20 /Users/owen/gcc-arm-none-eabi-4_8-2014q1/bin/../lib/gcc/arm-none-eabi/4.8.3/../../../../arm-none-eabi/lib/armv6-m/libg_s.a(lib_a-errno.o)
 .debug_frame   0x0000000000001d20       0x40 /Users/owen/gcc-arm-none-eabi-4_8-2014q1/bin/../lib/gcc/arm-none-eabi/4.8.3/../../../../arm-none-eabi/lib/armv6-m/libg_s.a(lib_a-malloc.o)
 .debug_frame   0x0000000000001d60       0x28 /Users/owen/gcc-arm-none-eabi-4_8-2014q1/bin/../lib/gcc/arm-none-eabi/4.8.3/../../../../arm-none-eabi/lib/armv6-m/libg_s.a(lib_a-memcpy-stub.o)
 .debug_frame   0x0000000000001d88       0x2c /Users/owen/gcc-arm-none-eabi-4_8-2014q1/bin/../lib/gcc/arm-none-eabi/4.8.3/../../../../arm-none-eabi/lib/armv6-m/libg_s.a(lib_a-nano-freer.o)
 .debug_frame   0x0000000000001db4       0x2c /Users/owen/gcc-arm-none-eabi-4_8-2014q1/bin/../lib/gcc/arm-none-eabi/4.8.3/../../../../arm-none-eabi/lib/armv6-m/libg_s.a(lib_a-nano-mallocr.o)
 .debug_frame   0x0000000000001de0       0x28 /Users/owen/gcc-arm-none-eabi-4_8-2014q1/bin/../lib/gcc/arm-none-eabi/4.8.3/../../../../arm-none-eabi/lib/armv6-m/libg_s.a(lib_a-realloc.o)
 .debug_frame   0x0000000000001e08       0x2c /Users/owen/gcc-arm-none-eabi-4_8-2014q1/bin/../lib/gcc/arm-none-eabi/4.8.3/../../../../arm-none-eabi/lib/armv6-m/libg_s.a(lib_a-sbrkr.o)
 .debug_frame   0x0000000000001e34       0x4c /Users/owen/gcc-arm-none-eabi-4_8-2014q1/bin/../lib/gcc/arm-none-eabi/4.8.3/../../../../arm-none-eabi/lib/armv6-m/libg_s.a(lib_a-sprintf.o)
 .debug_frame   0x0000000000001e80       0x20 /Users/owen/gcc-arm-none-eabi-4_8-2014q1/bin/../lib/gcc/arm-none-eabi/4.8.3/../../../../arm-none-eabi/lib/armv6-m/libg_s.a(lib_a-strcpy.o)
 .debug_frame   0x0000000000001ea0       0x20 /Users/owen/gcc-arm-none-eabi-4_8-2014q1/bin/../lib/gcc/arm-none-eabi/4.8.3/../../../../arm-none-eabi/lib/armv6-m/libg_s.a(lib_a-strlen.o)
 .debug_frame   0x0000000000001ec0       0x28 /Users/owen/gcc-arm-none-eabi-4_8-2014q1/bin/../lib/gcc/arm-none-eabi/4.8.3/../../../../arm-none-eabi/lib/armv6-m/libg_s.a(lib_a-strncmp.o)
 .debug_frame   0x0000000000001ee8       0x74 /Users/owen/gcc-arm-none-eabi-4_8-2014q1/bin/../lib/gcc/arm-none-eabi/4.8.3/../../../../arm-none-eabi/lib/armv6-m/libg_s.a(lib_a-svfprintf.o)
 .debug_frame   0x0000000000001f5c       0x54 /Users/owen/gcc-arm-none-eabi-4_8-2014q1/bin/../lib/gcc/arm-none-eabi/4.8.3/../../../../arm-none-eabi/lib/armv6-m/libg_s.a(lib_a-vfprintf_i.o)
 .debug_frame   0x0000000000001fb0       0x4c /Users/owen/gcc-arm-none-eabi-4_8-2014q1/bin/../lib/gcc/arm-none-eabi/4.8.3/../../../../arm-none-eabi/lib/armv6-m/libg_s.a(lib_a-vsnprintf.o)
 .debug_frame   0x0000000000001ffc       0x20 /Users/owen/gcc-arm-none-eabi-4_8-2014q1/bin/../lib/gcc/arm-none-eabi/4.8.3/../../../../arm-none-eabi/lib/armv6-m/libg_s.a(lib_a-memchr-stub.o)
 .debug_frame   0x000000000000201c       0x2c /Users/owen/gcc-arm-none-eabi-4_8-2014q1/bin/../lib/gcc/arm-none-eabi/4.8.3/../../../../arm-none-eabi/lib/armv6-m/libg_s.a(lib_a-memmove.o)
 .debug_frame   0x0000000000002048       0x30 /Users/owen/gcc-arm-none-eabi-4_8-2014q1/bin/../lib/gcc/arm-none-eabi/4.8.3/../../../../arm-none-eabi/lib/armv6-m/libg_s.a(lib_a-nano-reallocr.o)
 .debug_frame   0x0000000000002078       0x20 /Users/owen/gcc-arm-none-eabi-4_8-2014q1/bin/../lib/gcc/arm-none-eabi/4.8.3/../../../../arm-none-eabi/lib/armv6-m/libg_s.a(lib_a-nano-msizer.o)

.debug_str      0x0000000000000000    0x4b32a
 *(.debug_str)
 .debug_str     0x0000000000000000    0x3ee72 ./system/src/stm32f0-stdperiph/stm32f0xx_gpio.o
                                      0x3f086 (size before relaxing)
 .debug_str     0x000000000003ee72      0x12a ./system/src/stm32f0-stdperiph/stm32f0xx_iwdg.o
                                      0x3ee8a (size before relaxing)
 .debug_str     0x000000000003ef9c      0x160 ./system/src/stm32f0-stdperiph/stm32f0xx_misc.o
                                      0x3eeca (size before relaxing)
 .debug_str     0x000000000003f0fc      0x635 ./system/src/stm32f0-stdperiph/stm32f0xx_rcc.o
                                      0x3f40c (size before relaxing)
 .debug_str     0x000000000003f731      0x80e ./system/src/stm32f0-stdperiph/stm32f0xx_usart.o
                                      0x3f6b4 (size before relaxing)
 .debug_str     0x000000000003ff3f     0x27e8 ./system/src/newlib/_exit.o
                                       0x4dd9 (size before relaxing)
 .debug_str     0x0000000000042727      0x4d6 ./system/src/newlib/_sbrk.o
                                       0x438f (size before relaxing)
 .debug_str     0x0000000000042bfd      0x246 ./system/src/newlib/_startup.o
                                       0x3dff (size before relaxing)
 .debug_str     0x0000000000042e43      0xe2f ./system/src/newlib/_syscalls.o
                                       0x524e (size before relaxing)
 .debug_str     0x0000000000043c72       0xd0 ./system/src/newlib/assert.o
                                       0x579c (size before relaxing)
 .debug_str     0x0000000000043d42     0x1782 ./system/src/diag/Trace.o
                                       0x64c0 (size before relaxing)
 .debug_str     0x00000000000454c4      0x372 ./system/src/diag/trace_impl.o
                                      0x40bee (size before relaxing)
 .debug_str     0x0000000000045836       0x38 ./system/src/cortexm/_initialize_hardware.o
                                      0x3ed51 (size before relaxing)
 .debug_str     0x000000000004586e       0xa1 ./system/src/cortexm/exception_handlers.o
                                       0x23d4 (size before relaxing)
 .debug_str     0x000000000004590f       0x7d ./system/src/cmsis/system_stm32f0xx.o
                                      0x3ee51 (size before relaxing)
 .debug_str     0x000000000004598c       0x56 ./system/src/cmsis/vectors_stm32f0xx.o
                                       0x23b7 (size before relaxing)
 .debug_str     0x00000000000459e2     0x14f5 ./src/OSC/OSCData.o
                                       0x66ac (size before relaxing)
 .debug_str     0x0000000000046ed7      0x16b ./src/OSC/OSCMatch.o
                                       0x4b4f (size before relaxing)
 .debug_str     0x0000000000047042      0x999 ./src/OSC/OSCMessage.o
                                       0x7b46 (size before relaxing)
 .debug_str     0x00000000000479db       0x1c ./src/OSC/SimpleWriter.o
                                       0x5126 (size before relaxing)
 .debug_str     0x00000000000479f7       0x90 ./src/BlinkLed.o
                                      0x3ef89 (size before relaxing)
 .debug_str     0x0000000000047a87      0x50d ./src/InchieKeyLED.o
                                      0x43ed0 (size before relaxing)
 .debug_str     0x0000000000047f94       0xfc ./src/SLIPEncodedSerial.o
                                      0x430b4 (size before relaxing)
 .debug_str     0x0000000000048090      0x271 ./src/Timer.o
                                      0x3f089 (size before relaxing)
 .debug_str     0x0000000000048301     0x2fa7 ./src/main.o
                                      0x46fa4 (size before relaxing)
 .debug_str     0x000000000004b2a8       0x82 ./src/uart.o
                                      0x3f3e1 (size before relaxing)

.debug_loc      0x0000000000000000     0x6af3
 *(.debug_loc)
 .debug_loc     0x0000000000000000      0x4e1 ./system/src/stm32f0-stdperiph/stm32f0xx_gpio.o
 .debug_loc     0x00000000000004e1       0xc4 ./system/src/stm32f0-stdperiph/stm32f0xx_iwdg.o
 .debug_loc     0x00000000000005a5       0xeb ./system/src/stm32f0-stdperiph/stm32f0xx_misc.o
 .debug_loc     0x0000000000000690      0xc3f ./system/src/stm32f0-stdperiph/stm32f0xx_rcc.o
 .debug_loc     0x00000000000012cf     0x13bf ./system/src/stm32f0-stdperiph/stm32f0xx_usart.o
 .debug_loc     0x000000000000268e       0x70 ./system/src/newlib/_sbrk.o
 .debug_loc     0x00000000000026fe      0x265 ./system/src/newlib/_startup.o
 .debug_loc     0x0000000000002963      0x549 ./system/src/newlib/_syscalls.o
 .debug_loc     0x0000000000002eac       0xf7 ./system/src/newlib/assert.o
 .debug_loc     0x0000000000002fa3       0xf7 ./system/src/diag/Trace.o
 .debug_loc     0x000000000000309a      0x1a6 ./system/src/diag/trace_impl.o
 .debug_loc     0x0000000000003240       0xe2 ./system/src/cmsis/system_stm32f0xx.o
 .debug_loc     0x0000000000003322      0x4c3 ./src/OSC/OSCData.o
 .debug_loc     0x00000000000037e5      0x67e ./src/OSC/OSCMatch.o
 .debug_loc     0x0000000000003e63     0x23f5 ./src/OSC/OSCMessage.o
 .debug_loc     0x0000000000006258       0x96 ./src/OSC/SimpleWriter.o
 .debug_loc     0x00000000000062ee      0x1ad ./src/InchieKeyLED.o
 .debug_loc     0x000000000000649b      0x291 ./src/SLIPEncodedSerial.o
 .debug_loc     0x000000000000672c       0x59 ./src/Timer.o
 .debug_loc     0x0000000000006785      0x34f ./src/main.o
 .debug_loc     0x0000000000006ad4       0x1f ./src/uart.o

.debug_macinfo
 *(.debug_macinfo)

.debug_weaknames
 *(.debug_weaknames)

.debug_funcnames
 *(.debug_funcnames)

.debug_typenames
 *(.debug_typenames)

.debug_varnames
 *(.debug_varnames)
OUTPUT(InchieBase.elf elf32-littlearm)

.debug_ranges   0x0000000000000000      0xab0
 .debug_ranges  0x0000000000000000       0x70 ./system/src/stm32f0-stdperiph/stm32f0xx_gpio.o
 .debug_ranges  0x0000000000000070       0x40 ./system/src/stm32f0-stdperiph/stm32f0xx_iwdg.o
 .debug_ranges  0x00000000000000b0       0x20 ./system/src/stm32f0-stdperiph/stm32f0xx_misc.o
 .debug_ranges  0x00000000000000d0      0x150 ./system/src/stm32f0-stdperiph/stm32f0xx_rcc.o
 .debug_ranges  0x0000000000000220      0x190 ./system/src/stm32f0-stdperiph/stm32f0xx_usart.o
 .debug_ranges  0x00000000000003b0       0x18 ./system/src/newlib/_exit.o
 .debug_ranges  0x00000000000003c8       0x10 ./system/src/newlib/_sbrk.o
 .debug_ranges  0x00000000000003d8       0x48 ./system/src/newlib/_startup.o
 .debug_ranges  0x0000000000000420       0xc0 ./system/src/newlib/_syscalls.o
 .debug_ranges  0x00000000000004e0       0x18 ./system/src/newlib/assert.o
 .debug_ranges  0x00000000000004f8       0x28 ./system/src/diag/Trace.o
 .debug_ranges  0x0000000000000520       0x38 ./system/src/diag/trace_impl.o
 .debug_ranges  0x0000000000000558       0x10 ./system/src/cortexm/_initialize_hardware.o
 .debug_ranges  0x0000000000000568       0x38 ./system/src/cortexm/exception_handlers.o
 .debug_ranges  0x00000000000005a0       0x20 ./system/src/cmsis/system_stm32f0xx.o
 .debug_ranges  0x00000000000005c0       0x10 ./system/src/cmsis/vectors_stm32f0xx.o
 .debug_ranges  0x00000000000005d0       0x98 ./src/OSC/OSCData.o
 .debug_ranges  0x0000000000000668       0x88 ./src/OSC/OSCMatch.o
 .debug_ranges  0x00000000000006f0      0x230 ./src/OSC/OSCMessage.o
 .debug_ranges  0x0000000000000920       0x28 ./src/OSC/SimpleWriter.o
 .debug_ranges  0x0000000000000948       0x10 ./src/BlinkLed.o
 .debug_ranges  0x0000000000000958       0x28 ./src/InchieKeyLED.o
 .debug_ranges  0x0000000000000980       0x60 ./src/SLIPEncodedSerial.o
 .debug_ranges  0x00000000000009e0       0x38 ./src/Timer.o
 .debug_ranges  0x0000000000000a18       0x58 ./src/main.o
 .debug_ranges  0x0000000000000a70       0x40 ./src/uart.o

.debug_macro    0x0000000000000000     0x549e
 .debug_macro   0x0000000000000000      0x174 ./system/src/stm32f0-stdperiph/stm32f0xx_gpio.o
 .debug_macro   0x0000000000000174      0x17f ./system/src/stm32f0-stdperiph/stm32f0xx_gpio.o
 .debug_macro   0x00000000000002f3      0x180 ./system/src/stm32f0-stdperiph/stm32f0xx_iwdg.o
 .debug_macro   0x0000000000000473       0x6a ./system/src/stm32f0-stdperiph/stm32f0xx_iwdg.o
 .debug_macro   0x00000000000004dd      0x174 ./system/src/stm32f0-stdperiph/stm32f0xx_misc.o
 .debug_macro   0x0000000000000651       0x34 ./system/src/stm32f0-stdperiph/stm32f0xx_misc.o
 .debug_macro   0x0000000000000685      0x192 ./system/src/stm32f0-stdperiph/stm32f0xx_rcc.o
 .debug_macro   0x0000000000000817      0x4dd ./system/src/stm32f0-stdperiph/stm32f0xx_rcc.o
 .debug_macro   0x0000000000000cf4      0x18c ./system/src/stm32f0-stdperiph/stm32f0xx_usart.o
 .debug_macro   0x0000000000000e80      0x34d ./system/src/stm32f0-stdperiph/stm32f0xx_usart.o
 .debug_macro   0x00000000000011cd      0x11b ./system/src/newlib/_exit.o
 .debug_macro   0x00000000000012e8       0xa3 ./system/src/newlib/_exit.o
 .debug_macro   0x000000000000138b      0x10e ./system/src/newlib/_exit.o
 .debug_macro   0x0000000000001499       0x86 ./system/src/newlib/_exit.o
 .debug_macro   0x000000000000151f       0x43 ./system/src/newlib/_exit.o
 .debug_macro   0x0000000000001562       0x10 ./system/src/newlib/_exit.o
 .debug_macro   0x0000000000001572       0x35 ./system/src/newlib/_exit.o
 .debug_macro   0x00000000000015a7       0xd1 ./system/src/newlib/_sbrk.o
 .debug_macro   0x0000000000001678       0x19 ./system/src/newlib/_sbrk.o
 .debug_macro   0x0000000000001691      0x16d ./system/src/newlib/_sbrk.o
 .debug_macro   0x00000000000017fe       0x10 ./system/src/newlib/_sbrk.o
 .debug_macro   0x000000000000180e      0x23b ./system/src/newlib/_sbrk.o
 .debug_macro   0x0000000000001a49       0xe7 ./system/src/newlib/_startup.o
 .debug_macro   0x0000000000001b30      0x169 ./system/src/newlib/_syscalls.o
 .debug_macro   0x0000000000001c99       0x1c ./system/src/newlib/_syscalls.o
 .debug_macro   0x0000000000001cb5       0x10 ./system/src/newlib/_syscalls.o
 .debug_macro   0x0000000000001cc5       0x10 ./system/src/newlib/_syscalls.o
 .debug_macro   0x0000000000001cd5       0x10 ./system/src/newlib/_syscalls.o
 .debug_macro   0x0000000000001ce5       0x35 ./system/src/newlib/_syscalls.o
 .debug_macro   0x0000000000001d1a      0x120 ./system/src/newlib/_syscalls.o
 .debug_macro   0x0000000000001e3a       0x22 ./system/src/newlib/_syscalls.o
 .debug_macro   0x0000000000001e5c       0x2b ./system/src/newlib/_syscalls.o
 .debug_macro   0x0000000000001e87      0x118 ./system/src/newlib/_syscalls.o
 .debug_macro   0x0000000000001f9f      0x13a ./system/src/newlib/_syscalls.o
 .debug_macro   0x00000000000020d9       0x16 ./system/src/newlib/_syscalls.o
 .debug_macro   0x00000000000020ef      0x137 ./system/src/newlib/assert.o
 .debug_macro   0x0000000000002226       0x1c ./system/src/newlib/assert.o
 .debug_macro   0x0000000000002242      0x20f ./system/src/newlib/assert.o
 .debug_macro   0x0000000000002451      0x15a ./system/src/diag/Trace.o
 .debug_macro   0x00000000000025ab       0x16 ./system/src/diag/Trace.o
 .debug_macro   0x00000000000025c1       0x97 ./system/src/diag/Trace.o
 .debug_macro   0x0000000000002658       0x10 ./system/src/diag/Trace.o
 .debug_macro   0x0000000000002668       0xf6 ./system/src/diag/Trace.o
 .debug_macro   0x000000000000275e       0x16 ./system/src/diag/Trace.o
 .debug_macro   0x0000000000002774      0x16c ./system/src/diag/Trace.o
 .debug_macro   0x00000000000028e0       0x52 ./system/src/diag/Trace.o
 .debug_macro   0x0000000000002932      0x283 ./system/src/diag/Trace.o
 .debug_macro   0x0000000000002bb5       0x10 ./system/src/diag/Trace.o
 .debug_macro   0x0000000000002bc5       0x1f ./system/src/diag/Trace.o
 .debug_macro   0x0000000000002be4      0x238 ./system/src/diag/trace_impl.o
 .debug_macro   0x0000000000002e1c       0x22 ./system/src/diag/trace_impl.o
 .debug_macro   0x0000000000002e3e      0x174 ./system/src/cortexm/_initialize_hardware.o
 .debug_macro   0x0000000000002fb2       0x1b ./system/src/cortexm/exception_handlers.o
 .debug_macro   0x0000000000002fcd      0x16a ./system/src/cmsis/system_stm32f0xx.o
 .debug_macro   0x0000000000003137       0x1b ./system/src/cmsis/vectors_stm32f0xx.o
 .debug_macro   0x0000000000003152      0x147 ./src/OSC/OSCData.o
 .debug_macro   0x0000000000003299       0x1c ./src/OSC/OSCData.o
 .debug_macro   0x00000000000032b5       0x10 ./src/OSC/OSCData.o
 .debug_macro   0x00000000000032c5      0x452 ./src/OSC/OSCData.o
 .debug_macro   0x0000000000003717      0x2ad ./src/OSC/OSCData.o
 .debug_macro   0x00000000000039c4       0xe5 ./src/OSC/OSCMatch.o
 .debug_macro   0x0000000000003aa9       0x16 ./src/OSC/OSCMatch.o
 .debug_macro   0x0000000000003abf      0x1bb ./src/OSC/OSCMessage.o
 .debug_macro   0x0000000000003c7a       0x97 ./src/OSC/OSCMessage.o
 .debug_macro   0x0000000000003d11       0xfd ./src/OSC/OSCMessage.o
 .debug_macro   0x0000000000003e0e      0x119 ./src/OSC/SimpleWriter.o
 .debug_macro   0x0000000000003f27      0x179 ./src/BlinkLed.o
 .debug_macro   0x00000000000040a0       0x10 ./src/BlinkLed.o
 .debug_macro   0x00000000000040b0      0x312 ./src/InchieKeyLED.o
 .debug_macro   0x00000000000043c2       0x28 ./src/InchieKeyLED.o
 .debug_macro   0x00000000000043ea      0x2cc ./src/SLIPEncodedSerial.o
 .debug_macro   0x00000000000046b6      0x197 ./src/Timer.o
 .debug_macro   0x000000000000484d      0x56c ./src/main.o
 .debug_macro   0x0000000000004db9       0x1c ./src/main.o
 .debug_macro   0x0000000000004dd5       0x6e ./src/main.o
 .debug_macro   0x0000000000004e43       0x28 ./src/main.o
 .debug_macro   0x0000000000004e6b       0x11 ./src/main.o
 .debug_macro   0x0000000000004e7c       0x12 ./src/main.o
 .debug_macro   0x0000000000004e8e       0x82 ./src/main.o
 .debug_macro   0x0000000000004f10       0x18 ./src/main.o
 .debug_macro   0x0000000000004f28       0x12 ./src/main.o
 .debug_macro   0x0000000000004f3a       0x22 ./src/main.o
 .debug_macro   0x0000000000004f5c       0x3c ./src/main.o
 .debug_macro   0x0000000000004f98       0x38 ./src/main.o
 .debug_macro   0x0000000000004fd0      0x15e ./src/main.o
 .debug_macro   0x000000000000512e       0x46 ./src/main.o
 .debug_macro   0x0000000000005174       0x10 ./src/main.o
 .debug_macro   0x0000000000005184       0x2e ./src/main.o
 .debug_macro   0x00000000000051b2       0x16 ./src/main.o
 .debug_macro   0x00000000000051c8       0x52 ./src/main.o
 .debug_macro   0x000000000000521a       0x5e ./src/main.o
 .debug_macro   0x0000000000005278       0x11 ./src/main.o
 .debug_macro   0x0000000000005289       0x2f ./src/main.o
 .debug_macro   0x00000000000052b8       0x10 ./src/main.o
 .debug_macro   0x00000000000052c8       0x10 ./src/main.o
 .debug_macro   0x00000000000052d8       0x1c ./src/main.o
 .debug_macro   0x00000000000052f4       0x2e ./src/main.o
 .debug_macro   0x0000000000005322      0x17c ./src/uart.o
